Component: ARM Compiler 6.16 Tool: armlink [5dfeaa00]

==============================================================================

Section Cross References

    lcd.o(.text.LCD_init) refers to sysctl.o(i.SysCtlPeripheralEnable) for SysCtlPeripheralEnable
    lcd.o(.text.LCD_init) refers to gpio.o(i.GPIOPinTypeGPIOOutput) for GPIOPinTypeGPIOOutput
    lcd.o(.text.LCD_init) refers to sysctl.o(.emb_text) for SysCtlDelay
    lcd.o(.text.LCD_init) refers to gpio.o(i.GPIOPinWrite) for GPIOPinWrite
    lcd.o(.text.LCD_init) refers to lcd.o(.text.LCD_Command) for LCD_Command
    lcd.o(.text.LCD_init) refers to lcd.o(.text.LCD_Clear) for LCD_Clear
    lcd.o(.ARM.exidx.text.LCD_init) refers to lcd.o(.text.LCD_init) for [Anonymous Symbol]
    lcd.o(.text.LCD_Command) refers to gpio.o(i.GPIOPinWrite) for GPIOPinWrite
    lcd.o(.text.LCD_Command) refers to sysctl.o(.emb_text) for SysCtlDelay
    lcd.o(.ARM.exidx.text.LCD_Command) refers to lcd.o(.text.LCD_Command) for [Anonymous Symbol]
    lcd.o(.text.LCD_Clear) refers to lcd.o(.text.LCD_Command) for LCD_Command
    lcd.o(.text.LCD_Clear) refers to sysctl.o(.emb_text) for SysCtlDelay
    lcd.o(.ARM.exidx.text.LCD_Clear) refers to lcd.o(.text.LCD_Clear) for [Anonymous Symbol]
    lcd.o(.text.LCD_Show) refers to gpio.o(i.GPIOPinWrite) for GPIOPinWrite
    lcd.o(.text.LCD_Show) refers to sysctl.o(.emb_text) for SysCtlDelay
    lcd.o(.ARM.exidx.text.LCD_Show) refers to lcd.o(.text.LCD_Show) for [Anonymous Symbol]
    lcd.o(.text.LCD_Cursor) refers to lcd.o(.text.LCD_Command) for LCD_Command
    lcd.o(.ARM.exidx.text.LCD_Cursor) refers to lcd.o(.text.LCD_Cursor) for [Anonymous Symbol]
    lcd.o(.text.LCD_Yaz) refers to lcd.o(.text.LCD_Cursor) for LCD_Cursor
    lcd.o(.text.LCD_Yaz) refers to lcd.o(.text.LCD_Show) for LCD_Show
    lcd.o(.text.LCD_Yaz) refers to strlen.o(.text) for strlen
    lcd.o(.text.LCD_Yaz) refers to sysctl.o(.emb_text) for SysCtlDelay
    lcd.o(.text.LCD_Yaz) refers to lcd.o(.text.LCD_Command) for LCD_Command
    lcd.o(.ARM.exidx.text.LCD_Yaz) refers to lcd.o(.text.LCD_Yaz) for [Anonymous Symbol]
    lcd.o(.text.LCD_PrintColumn) refers to lcd.o(.text.LCD_Cursor) for LCD_Cursor
    lcd.o(.text.LCD_PrintColumn) refers to lcd.o(.text.LCD_Show) for LCD_Show
    lcd.o(.text.LCD_PrintColumn) refers to strlen.o(.text) for strlen
    lcd.o(.ARM.exidx.text.LCD_PrintColumn) refers to lcd.o(.text.LCD_PrintColumn) for [Anonymous Symbol]
    lcd.o(.text.LCD_print_Continous) refers to lcd.o(.text.LCD_Show) for LCD_Show
    lcd.o(.text.LCD_print_Continous) refers to strlen.o(.text) for strlen
    lcd.o(.ARM.exidx.text.LCD_print_Continous) refers to lcd.o(.text.LCD_print_Continous) for [Anonymous Symbol]
    lcd.o(.text.LCD_PrintJustify) refers to lcd.o(.text.LCD_Cursor) for LCD_Cursor
    lcd.o(.text.LCD_PrintJustify) refers to lcd.o(.text.LCD_Show) for LCD_Show
    lcd.o(.text.LCD_PrintJustify) refers to strlen.o(.text) for strlen
    lcd.o(.text.LCD_PrintJustify) refers to lcd.o(.text.LCD_Command) for LCD_Command
    lcd.o(.ARM.exidx.text.LCD_PrintJustify) refers to lcd.o(.text.LCD_PrintJustify) for [Anonymous Symbol]
    lcd.o(.text.LCD_Print) refers to strlen.o(.text) for strlen
    lcd.o(.text.LCD_Print) refers to lcd.o(.text.LCD_Cursor) for LCD_Cursor
    lcd.o(.text.LCD_Print) refers to lcd.o(.text.LCD_Show) for LCD_Show
    lcd.o(.text.LCD_Print) refers to lcd.o(.text.LCD_Command) for LCD_Command
    lcd.o(.ARM.exidx.text.LCD_Print) refers to lcd.o(.text.LCD_Print) for [Anonymous Symbol]
    lcd.o(.text.LCD_PrintLn) refers to lcd.o(.text.LCD_Cursor) for LCD_Cursor
    lcd.o(.text.LCD_PrintLn) refers to lcd.o(.text.LCD_Show) for LCD_Show
    lcd.o(.text.LCD_PrintLn) refers to strlen.o(.text) for strlen
    lcd.o(.text.LCD_PrintLn) refers to lcd.o(.text.LCD_Command) for LCD_Command
    lcd.o(.ARM.exidx.text.LCD_PrintLn) refers to lcd.o(.text.LCD_PrintLn) for [Anonymous Symbol]
    lcd.o(.text.ByteToStr) refers to lcd.o(.text.itoa) for itoa
    lcd.o(.ARM.exidx.text.ByteToStr) refers to lcd.o(.text.ByteToStr) for [Anonymous Symbol]
    lcd.o(.text.itoa) refers to lcd.o(.text.reverse) for reverse
    lcd.o(.ARM.exidx.text.itoa) refers to lcd.o(.text.itoa) for [Anonymous Symbol]
    lcd.o(.text.reverse) refers to strlen.o(.text) for strlen
    lcd.o(.ARM.exidx.text.reverse) refers to lcd.o(.text.reverse) for [Anonymous Symbol]
    lcd.o(.text.trim) refers to rt_ctype_table.o(.text) for __rt_ctype_table
    lcd.o(.ARM.exidx.text.trim) refers to lcd.o(.text.trim) for [Anonymous Symbol]
    main.o(.text) refers (Special) to _printf_c.o(.ARM.Collect$$_printf_percent$$00000013) for _printf_c
    main.o(.text) refers (Special) to _printf_percent.o(.ARM.Collect$$_printf_percent$$00000000) for _printf_percent
    main.o(.text) refers (Special) to _printf_s.o(.ARM.Collect$$_printf_percent$$00000014) for _printf_s
    main.o(.text) refers (Special) to _printf_str.o(.text) for _printf_str
[...]
    Task1                                    0x00000c35   Thumb Code   116  main.o(.text.Task1)
    [Anonymous Symbol]                       0x00000c34   Section        0  main.o(.text.Task1)
    Task2                                    0x00000ca9   Thumb Code   268  main.o(.text.Task2)
    [Anonymous Symbol]                       0x00000ca8   Section        0  main.o(.text.Task2)
    timediff                                 0x00000db4   Number         0  main.o(.text.Task2)
    Task3                                    0x00000dc1   Thumb Code   220  main.o(.text.Task3)
    [Anonymous Symbol]                       0x00000dc0   Section        0  main.o(.text.Task3)
    [Anonymous Symbol]                       0x00000f28   Section        0  uart.o(.text.UART0_Init)
    [Anonymous Symbol]                       0x00000f9c   Section        0  uart.o(.text.UART0_Read)
    [Anonymous Symbol]                       0x00000fb0   Section        0  uart.o(.text.UART0_Write_Text)
    [Anonymous Symbol]                       0x00000fcc   Section        0  tasks.o(.text.eTaskConfirmSleepModeStatus)
    [Anonymous Symbol]                       0x00001008   Section        0  lcd.o(.text.itoa)
    [Anonymous Symbol]                       0x0000105c   Section        0  main.o(.text.main)
    [Anonymous Symbol]                       0x0000111c   Section        0  uart.o(.text.printChar)
    prvAddCurrentTaskToDelayedList           0x00001131   Thumb Code   170  tasks.o(.text.prvAddCurrentTaskToDelayedList)
    [Anonymous Symbol]                       0x00001130   Section        0  tasks.o(.text.prvAddCurrentTaskToDelayedList)
    prvAddNewTaskToReadyList                 0x000011dd   Thumb Code   174  tasks.o(.text.prvAddNewTaskToReadyList)
    [Anonymous Symbol]                       0x000011dc   Section        0  tasks.o(.text.prvAddNewTaskToReadyList)
    prvCheckForValidListAndQueue             0x0000128d   Thumb Code    90  timers.o(.text.prvCheckForValidListAndQueue)
    [Anonymous Symbol]                       0x0000128c   Section        0  timers.o(.text.prvCheckForValidListAndQueue)
    prvCheckTasksWaitingTermination          0x000012e9   Thumb Code    78  tasks.o(.text.prvCheckTasksWaitingTermination)
    [Anonymous Symbol]                       0x000012e8   Section        0  tasks.o(.text.prvCheckTasksWaitingTermination)
    prvCopyDataFromQueue                     0x00001339   Thumb Code    38  queue.o(.text.prvCopyDataFromQueue)
    [Anonymous Symbol]                       0x00001338   Section        0  queue.o(.text.prvCopyDataFromQueue)
    prvCopyDataToQueue                       0x00001361   Thumb Code   122  queue.o(.text.prvCopyDataToQueue)
    [Anonymous Symbol]                       0x00001360   Section        0  queue.o(.text.prvCopyDataToQueue)
    prvDeleteTCB                             0x000013dd   Thumb Code    18  tasks.o(.text.prvDeleteTCB)
    [Anonymous Symbol]                       0x000013dc   Section        0  tasks.o(.text.prvDeleteTCB)
    prvGetExpectedIdleTime                   0x000013f1   Thumb Code    68  tasks.o(.text.prvGetExpectedIdleTime)
    [Anonymous Symbol]                       0x000013f0   Section        0  tasks.o(.text.prvGetExpectedIdleTime)
    prvGetNextExpireTime                     0x00001435   Thumb Code    32  timers.o(.text.prvGetNextExpireTime)
    [Anonymous Symbol]                       0x00001434   Section        0  timers.o(.text.prvGetNextExpireTime)
    prvIdleTask                              0x00001455   Thumb Code   114  tasks.o(.text.prvIdleTask)
    [Anonymous Symbol]                       0x00001454   Section        0  tasks.o(.text.prvIdleTask)
    prvInitialiseNewQueue                    0x000014c9   Thumb Code    36  queue.o(.text.prvInitialiseNewQueue)
    [Anonymous Symbol]                       0x000014c8   Section        0  queue.o(.text.prvInitialiseNewQueue)
    prvInitialiseNewTask                     0x000014ed   Thumb Code   156  tasks.o(.text.prvInitialiseNewTask)
    [Anonymous Symbol]                       0x000014ec   Section        0  tasks.o(.text.prvInitialiseNewTask)
    prvInitialiseTaskLists                   0x00001589   Thumb Code   110  tasks.o(.text.prvInitialiseTaskLists)
    [Anonymous Symbol]                       0x00001588   Section        0  tasks.o(.text.prvInitialiseTaskLists)
    prvInsertTimerInActiveList               0x000015f9   Thumb Code    64  timers.o(.text.prvInsertTimerInActiveList)
    [Anonymous Symbol]                       0x000015f8   Section        0  timers.o(.text.prvInsertTimerInActiveList)
    prvIsQueueEmpty                          0x00001639   Thumb Code    24  queue.o(.text.prvIsQueueEmpty)
    [Anonymous Symbol]                       0x00001638   Section        0  queue.o(.text.prvIsQueueEmpty)
    prvIsQueueFull                           0x00001651   Thumb Code    28  queue.o(.text.prvIsQueueFull)
    [Anonymous Symbol]                       0x00001650   Section        0  queue.o(.text.prvIsQueueFull)
    prvNotifyQueueSetContainer               0x0000166d   Thumb Code   118  queue.o(.text.prvNotifyQueueSetContainer)
    [Anonymous Symbol]                       0x0000166c   Section        0  queue.o(.text.prvNotifyQueueSetContainer)
    prvPortStartFirstTask                    0x000016e5   Thumb Code    34  port.o(.text.prvPortStartFirstTask)
    [Anonymous Symbol]                       0x000016e4   Section        0  port.o(.text.prvPortStartFirstTask)
    prvProcessExpiredTimer                   0x0000170d   Thumb Code   110  timers.o(.text.prvProcessExpiredTimer)
    [Anonymous Symbol]                       0x0000170c   Section        0  timers.o(.text.prvProcessExpiredTimer)
    prvProcessReceivedCommands               0x0000177d   Thumb Code   290  timers.o(.text.prvProcessReceivedCommands)
    [Anonymous Symbol]                       0x0000177c   Section        0  timers.o(.text.prvProcessReceivedCommands)
    prvProcessTimerOrBlockTask               0x000018a1   Thumb Code   128  timers.o(.text.prvProcessTimerOrBlockTask)
    [Anonymous Symbol]                       0x000018a0   Section        0  timers.o(.text.prvProcessTimerOrBlockTask)
    prvResetNextTaskUnblockTime              0x00001921   Thumb Code    40  tasks.o(.text.prvResetNextTaskUnblockTime)
    [Anonymous Symbol]                       0x00001920   Section        0  tasks.o(.text.prvResetNextTaskUnblockTime)
    prvSampleTimeNow                         0x00001949   Thumb Code    42  timers.o(.text.prvSampleTimeNow)
    [Anonymous Symbol]                       0x00001948   Section        0  timers.o(.text.prvSampleTimeNow)
    prvSwitchTimerLists                      0x00001975   Thumb Code   142  timers.o(.text.prvSwitchTimerLists)
    [Anonymous Symbol]                       0x00001974   Section        0  timers.o(.text.prvSwitchTimerLists)
    prvTaskExitError                         0x00001a05   Thumb Code    50  port.o(.text.prvTaskExitError)
    [Anonymous Symbol]                       0x00001a04   Section        0  port.o(.text.prvTaskExitError)
    prvTimerTask                             0x00001a39   Thumb Code    22  timers.o(.text.prvTimerTask)
    [Anonymous Symbol]                       0x00001a38   Section        0  timers.o(.text.prvTimerTask)
    prvUnlockQueue                           0x00001a51   Thumb Code   134  queue.o(.text.prvUnlockQueue)
    [Anonymous Symbol]                       0x00001a50   Section        0  queue.o(.text.prvUnlockQueue)
    [Anonymous Symbol]                       0x00001ad8   Section        0  heap_1.o(.text.pvPortMalloc)
    [Anonymous Symbol]                       0x00001b34   Section        0  port.o(.text.pxPortInitialiseStack)
    [Anonymous Symbol]                       0x00001b5c   Section        0  lcd.o(.text.reverse)
    [Anonymous Symbol]                       0x00001b84   Section        0  lcd.o(.text.trim)
    [Anonymous Symbol]                       0x00001be0   Section        0  list.o(.text.uxListRemove)
    [Anonymous Symbol]                       0x00001c04   Section        0  list.o(.text.vListInitialise)
    [Anonymous Symbol]                       0x00001c1c   Section        0  list.o(.text.vListInitialiseItem)
    [Anonymous Symbol]                       0x00001c24   Section        0  list.o(.text.vListInsert)
    [Anonymous Symbol]                       0x00001c60   Section        0  list.o(.text.vListInsertEnd)
    vPortEnableVFP                           0x00001c7d   Thumb Code    14  port.o(.text.vPortEnableVFP)
    [Anonymous Symbol]                       0x00001c7c   Section        0  port.o(.text.vPortEnableVFP)
    [Anonymous Symbol]                       0x00001c90   Section        0  port.o(.text.vPortEnterCritical)
    [Anonymous Symbol]                       0x00001cd8   Section        0  port.o(.text.vPortExitCritical)
    [Anonymous Symbol]                       0x00001d08   Section        0  heap_1.o(.text.vPortFree)
    [Anonymous Symbol]                       0x00001d24   Section        0  port.o(.text.vPortSetupTimerInterrupt)
    [Anonymous Symbol]                       0x00001d88   Section        0  port.o(.text.vPortSuppressTicksAndSleep)
    [Anonymous Symbol]                       0x00001e9c   Section        0  port.o(.text.vPortValidateInterruptPriority)
    [Anonymous Symbol]                       0x00001f00   Section        0  queue.o(.text.vQueueWaitForMessageRestricted)
    [Anonymous Symbol]                       0x00001f44   Section        0  tasks.o(.text.vTaskDelay)
    [Anonymous Symbol]                       0x00001f98   Section        0  tasks.o(.text.vTaskInternalSetTimeOutState)
    [Anonymous Symbol]                       0x00001fb4   Section        0  tasks.o(.text.vTaskMissedYield)
    [Anonymous Symbol]                       0x00001fc4   Section        0  tasks.o(.text.vTaskPlaceOnEventList)
    [Anonymous Symbol]                       0x00001ff8   Section        0  tasks.o(.text.vTaskPlaceOnEventListRestricted)
    [Anonymous Symbol]                       0x00002038   Section        0  tasks.o(.text.vTaskStartScheduler)
    [Anonymous Symbol]                       0x000020cc   Section        0  tasks.o(.text.vTaskStepTick)
    [Anonymous Symbol]                       0x00002104   Section        0  tasks.o(.text.vTaskSuspendAll)
    [Anonymous Symbol]                       0x00002114   Section        0  tasks.o(.text.vTaskSwitchContext)
    [Anonymous Symbol]                       0x0000219c   Section        0  port.o(.text.xPortStartScheduler)
    [Anonymous Symbol]                       0x000022b0   Section        0  queue.o(.text.xQueueGenericCreate)
    [Anonymous Symbol]                       0x000022f4   Section        0  queue.o(.text.xQueueGenericReset)
    [Anonymous Symbol]                       0x00002374   Section        0  queue.o(.text.xQueueGenericSend)
    [Anonymous Symbol]                       0x00002544   Section        0  queue.o(.text.xQueueGenericSendFromISR)
    [Anonymous Symbol]                       0x00002660   Section        0  queue.o(.text.xQueueReceive)
    [Anonymous Symbol]                       0x000027e4   Section        0  tasks.o(.text.xTaskCheckForTimeOut)
    [Anonymous Symbol]                       0x00002888   Section        0  tasks.o(.text.xTaskCreate)
    [Anonymous Symbol]                       0x000028e8   Section        0  tasks.o(.text.xTaskGetSchedulerState)
    [Anonymous Symbol]                       0x00002910   Section        0  tasks.o(.text.xTaskGetTickCount)
    [Anonymous Symbol]                       0x0000291c   Section        0  tasks.o(.text.xTaskIncrementTick)
    [Anonymous Symbol]                       0x00002a80   Section        0  tasks.o(.text.xTaskPriorityDisinherit)
    [Anonymous Symbol]                       0x00002b34   Section        0  tasks.o(.text.xTaskRemoveFromEventList)
    [Anonymous Symbol]                       0x00002bd0   Section        0  tasks.o(.text.xTaskResumeAll)
    [Anonymous Symbol]                       0x00002ce8   Section        0  timers.o(.text.xTimerCreateTimerTask)
    [Anonymous Symbol]                       0x00002d48   Section        0  timers.o(.text.xTimerGenericCommand)
    i.GPIODirModeSet                         0x00002db0   Section        0  gpio.o(i.GPIODirModeSet)
    i.GPIOPadConfigSet                       0x00002dd8   Section        0  gpio.o(i.GPIOPadConfigSet)
    i.GPIOPinConfigure                       0x00002f48   Section        0  gpio.o(i.GPIOPinConfigure)
    i.GPIOPinTypeGPIOOutput                  0x00002f8c   Section        0  gpio.o(i.GPIOPinTypeGPIOOutput)
    i.GPIOPinTypeUART                        0x00002fa8   Section        0  gpio.o(i.GPIOPinTypeUART)
    i.GPIOPinWrite                           0x00002fc4   Section        0  gpio.o(i.GPIOPinWrite)
    i.SysCtlClockSet                         0x00002fcc   Section        0  sysctl.o(i.SysCtlClockSet)
    i.SysCtlPeripheralEnable                 0x000030ec   Section        0  sysctl.o(i.SysCtlPeripheralEnable)
    i.SysCtlPeripheralReady                  0x00003114   Section        0  sysctl.o(i.SysCtlPeripheralReady)
    i.UARTCharGet                            0x00003140   Section        0  uart.o(i.UARTCharGet)
    i.UARTCharPut                            0x0000314c   Section        0  uart.o(i.UARTCharPut)
    i.UARTClockSourceSet                     0x00003158   Section        0  uart.o(i.UARTClockSourceSet)
    i.UARTConfigSetExpClk                    0x0000315e   Section        0  uart.o(i.UARTConfigSetExpClk)
    i.UARTDisable                            0x000031cc   Section        0  uart.o(i.UARTDisable)
    i.UARTEnable                             0x000031ea   Section        0  uart.o(i.UARTEnable)
    i.UARTFIFOEnable                         0x000031fe   Section        0  uart.o(i.UARTFIFOEnable)
    locale$$code                             0x00003208   Section       44  lc_ctype_c.o(locale$$code)
    $v0                                      0x00003234   Number         0  fpinit.o(x$fpl$fpinit)
    x$fpl$fpinit                             0x00003234   Section       26  fpinit.o(x$fpl$fpinit)
    g_ppui32GPIOIntMapBlizzard               0x00003250   Data         192  gpio.o(.constdata)
    .constdata                               0x00003250   Section      552  gpio.o(.constdata)
    g_ppui32GPIOIntMapSnowflake              0x00003310   Data         216  gpio.o(.constdata)
    g_pui32GPIOBaseAddrs                     0x000033e8   Data         144  gpio.o(.constdata)
    .L.str.8                                 0x00003478   Data          14  main.o(.rodata.str1.1)
    [Anonymous Symbol]                       0x00003478   Section        0  main.o(.rodata.str1.1)
    locale$$data                             0x000034a8   Section      272  lc_ctype_c.o(locale$$data)
    __lcctype_c_name                         0x000034ac   Data           2  lc_ctype_c.o(locale$$data)
    __lcctype_c_start                        0x000034b4   Data           0  lc_ctype_c.o(locale$$data)
    __lcctype_c_end                          0x000035b8   Data           0  lc_ctype_c.o(locale$$data)
    cities                                   0x20000004   Data         100  main.o(.data.cities)
    [Anonymous Symbol]                       0x20000004   Section        0  main.o(.data.cities)
    uxCriticalNesting                        0x20000068   Data           4  port.o(.data.uxCriticalNesting)
    [Anonymous Symbol]                       0x20000068   Section        0  port.o(.data.uxCriticalNesting)
    .bss                                     0x20000070   Section       96  libspace.o(.bss)
    cBuffer                                  0x200000d0   Data          80  main.o(.bss.cBuffer)
    [Anonymous Symbol]                       0x200000d0   Section        0  main.o(.bss.cBuffer)
    prvSampleTimeNow.xLastTime               0x20000120   Data           4  timers.o(.bss.prvSampleTimeNow.xLastTime)
    [Anonymous Symbol]                       0x20000120   Section        0  timers.o(.bss.prvSampleTimeNow.xLastTime)
    pvPortMalloc.pucAlignedHeap              0x20000124   Data           4  heap_1.o(.bss.pvPortMalloc.pucAlignedHeap)
    [Anonymous Symbol]                       0x20000124   Section        0  heap_1.o(.bss.pvPortMalloc.pucAlignedHeap)
    pxCurrentTimerList                       0x2000012c   Data           4  timers.o(.bss.pxCurrentTimerList)
    [Anonymous Symbol]                       0x2000012c   Section        0  timers.o(.bss.pxCurrentTimerList)
    pxDelayedTaskList                        0x20000130   Data           4  tasks.o(.bss.pxDelayedTaskList)
    [Anonymous Symbol]                       0x20000130   Section        0  tasks.o(.bss.pxDelayedTaskList)
    pxOverflowDelayedTaskList                0x20000134   Data           4  tasks.o(.bss.pxOverflowDelayedTaskList)
    [Anonymous Symbol]                       0x20000134   Section        0  tasks.o(.bss.pxOverflowDelayedTaskList)
    pxOverflowTimerList                      0x20000138   Data           4  timers.o(.bss.pxOverflowTimerList)
    [Anonymous Symbol]                       0x20000138   Section        0  timers.o(.bss.pxOverflowTimerList)
    pxReadyTasksLists                        0x2000013c   Data         100  tasks.o(.bss.pxReadyTasksLists)
    [Anonymous Symbol]                       0x2000013c   Section        0  tasks.o(.bss.pxReadyTasksLists)
    ucHeap                                   0x200001a4   Data       12288  heap_1.o(.bss.ucHeap)
    [Anonymous Symbol]                       0x200001a4   Section        0  heap_1.o(.bss.ucHeap)
    ucMaxSysCallPriority                     0x200031a4   Data           1  port.o(.bss.ucMaxSysCallPriority)
    [Anonymous Symbol]                       0x200031a4   Section        0  port.o(.bss.ucMaxSysCallPriority)
    ulMaxPRIGROUPValue                       0x200031a8   Data           4  port.o(.bss.ulMaxPRIGROUPValue)
    [Anonymous Symbol]                       0x200031a8   Section        0  port.o(.bss.ulMaxPRIGROUPValue)
    ulStoppedTimerCompensation               0x200031ac   Data           1  port.o(.bss.ulStoppedTimerCompensation)
    [Anonymous Symbol]                       0x200031ac   Section        0  port.o(.bss.ulStoppedTimerCompensation)
    ulTimerCountsForOneTick                  0x200031b0   Data           4  port.o(.bss.ulTimerCountsForOneTick)
    [Anonymous Symbol]                       0x200031b0   Section        0  port.o(.bss.ulTimerCountsForOneTick)
    uxCurrentNumberOfTasks                   0x200031b4   Data           4  tasks.o(.bss.uxCurrentNumberOfTasks)
    [Anonymous Symbol]                       0x200031b4   Section        0  tasks.o(.bss.uxCurrentNumberOfTasks)
    uxDeletedTasksWaitingCleanUp             0x200031b8   Data           4  tasks.o(.bss.uxDeletedTasksWaitingCleanUp)
    [Anonymous Symbol]                       0x200031b8   Section        0  tasks.o(.bss.uxDeletedTasksWaitingCleanUp)
    uxSchedulerSuspended                     0x200031bc   Data           4  tasks.o(.bss.uxSchedulerSuspended)
    [Anonymous Symbol]                       0x200031bc   Section        0  tasks.o(.bss.uxSchedulerSuspended)
    uxTaskNumber                             0x200031c0   Data           4  tasks.o(.bss.uxTaskNumber)
    [Anonymous Symbol]                       0x200031c0   Section        0  tasks.o(.bss.uxTaskNumber)
    uxTopReadyPriority                       0x200031c4   Data           4  tasks.o(.bss.uxTopReadyPriority)
    [Anonymous Symbol]                       0x200031c4   Section        0  tasks.o(.bss.uxTopReadyPriority)
    xActiveTimerList1                        0x200031c8   Data          20  timers.o(.bss.xActiveTimerList1)
    [Anonymous Symbol]                       0x200031c8   Section        0  timers.o(.bss.xActiveTimerList1)
    xActiveTimerList2                        0x200031dc   Data          20  timers.o(.bss.xActiveTimerList2)
    [Anonymous Symbol]                       0x200031dc   Section        0  timers.o(.bss.xActiveTimerList2)
    xDelayedTaskList1                        0x200031f0   Data          20  tasks.o(.bss.xDelayedTaskList1)
    [Anonymous Symbol]                       0x200031f0   Section        0  tasks.o(.bss.xDelayedTaskList1)
    xDelayedTaskList2                        0x20003204   Data          20  tasks.o(.bss.xDelayedTaskList2)
    [Anonymous Symbol]                       0x20003204   Section        0  tasks.o(.bss.xDelayedTaskList2)
    xIdleTaskHandle                          0x20003218   Data           4  tasks.o(.bss.xIdleTaskHandle)
    [Anonymous Symbol]                       0x20003218   Section        0  tasks.o(.bss.xIdleTaskHandle)
    xMaximumPossibleSuppressedTicks          0x2000321c   Data           4  port.o(.bss.xMaximumPossibleSuppressedTicks)
    [Anonymous Symbol]                       0x2000321c   Section        0  port.o(.bss.xMaximumPossibleSuppressedTicks)
    xNextFreeByte                            0x20003220   Data           4  heap_1.o(.bss.xNextFreeByte)
    [Anonymous Symbol]                       0x20003220   Section        0  heap_1.o(.bss.xNextFreeByte)
    xNextTaskUnblockTime                     0x20003224   Data           4  tasks.o(.bss.xNextTaskUnblockTime)
    [Anonymous Symbol]                       0x20003224   Section        0  tasks.o(.bss.xNextTaskUnblockTime)
    xNumOfOverflows                          0x20003228   Data           4  tasks.o(.bss.xNumOfOverflows)
    [Anonymous Symbol]                       0x20003228   Section        0  tasks.o(.bss.xNumOfOverflows)
    xPendedTicks                             0x2000322c   Data           4  tasks.o(.bss.xPendedTicks)
    [Anonymous Symbol]                       0x2000322c   Section        0  tasks.o(.bss.xPendedTicks)
    xPendingReadyList                        0x20003230   Data          20  tasks.o(.bss.xPendingReadyList)
    [Anonymous Symbol]                       0x20003230   Section        0  tasks.o(.bss.xPendingReadyList)
    xSchedulerRunning                        0x2000324c   Data           4  tasks.o(.bss.xSchedulerRunning)
    [Anonymous Symbol]                       0x2000324c   Section        0  tasks.o(.bss.xSchedulerRunning)
    xSuspendedTaskList                       0x20003250   Data          20  tasks.o(.bss.xSuspendedTaskList)
    [Anonymous Symbol]                       0x20003250   Section        0  tasks.o(.bss.xSuspendedTaskList)
    xTasksWaitingTermination                 0x20003264   Data          20  tasks.o(.bss.xTasksWaitingTermination)
    [Anonymous Symbol]                       0x20003264   Section        0  tasks.o(.bss.xTasksWaitingTermination)
    xTickCount                               0x20003278   Data           4  tasks.o(.bss.xTickCount)
    [Anonymous Symbol]                       0x20003278   Section        0  tasks.o(.bss.xTickCount)
    xTimerQueue                              0x2000327c   Data           4  timers.o(.bss.xTimerQueue)
    [Anonymous Symbol]                       0x2000327c   Section        0  timers.o(.bss.xTimerQueue)
    xTimerTaskHandle                         0x20003280   Data           4  timers.o(.bss.xTimerTaskHandle)
    [Anonymous Symbol]                       0x20003280   Section        0  timers.o(.bss.xTimerTaskHandle)
    xYieldPending                            0x20003284   Data           4  tasks.o(.bss.xYieldPending)
    [Anonymous Symbol]                       0x20003284   Section        0  tasks.o(.bss.xYieldPending)
    Heap_Mem                                 0x20003288   Data           0  startup_tm4c123.o(HEAP)
    Stack_Mem                                0x20003288   Data         512  startup_tm4c123.o(STACK)
    HEAP                                     0x20003288   Section        0  startup_tm4c123.o(HEAP)
    STACK                                    0x20003288   Section      512  startup_tm4c123.o(STACK)
    __initial_sp                             0x20003488   Data           0  startup_tm4c123.o(STACK)

    Global Symbols

    Symbol Name                              Value     Ov Type        Size  Object(Section)

    BuildAttributes$$THM_ISAv4$E$P$D$K$B$S$7EM$VFPi3$EXTD16$VFPS$VFMA$PE$A:L22UL41UL21$X:L11$S22US41US21$IEEE1$IW$~IW$USESV6$~STKCKD$USESV7$~SHL$OTIME$ROPI$EBA8$UX$STANDARDLIB$REQ8$PRES8$EABIv2 0x00000000   Number         0  anon$$obj.o ABSOLUTE
    __Vectors                                0x00000000   Data           4  startup_tm4c123.o(RESET)
    __ARM_exceptions_init                     - Undefined Weak Reference
    __alloca_initialize                       - Undefined Weak Reference
    __arm_preinit_                            - Undefined Weak Reference
    __cpp_initialize__aeabi_                  - Undefined Weak Reference
    __cxa_finalize                            - Undefined Weak Reference
    __sigvec_lookup                           - Undefined Weak Reference
    _atexit_init                              - Undefined Weak Reference
    _call_atexit_fns                          - Undefined Weak Reference
    _clock_init                               - Undefined Weak Reference
    _fp_trap_init                             - Undefined Weak Reference
    _fp_trap_shutdown                         - Undefined Weak Reference
    _get_lc_collate                           - Undefined Weak Reference
    _get_lc_monetary                          - Undefined Weak Reference
    _get_lc_numeric                           - Undefined Weak Reference
    _get_lc_time                              - Undefined Weak Reference
    _getenv_init                              - Undefined Weak Reference
    _handle_redirection                       - Undefined Weak Reference
    _init_alloc                               - Undefined Weak Reference
    _init_user_alloc                          - Undefined Weak Reference
    _initio                                   - Undefined Weak Reference
    _printf_mbtowc                            - Undefined Weak Reference
    _printf_post_padding                      - Undefined Weak Reference
    _printf_pre_padding                       - Undefined Weak Reference
    _rand_init                                - Undefined Weak Reference
    _signal_finish                            - Undefined Weak Reference
    _signal_init                              - Undefined Weak Reference
    _terminate_alloc                          - Undefined Weak Reference
    _terminate_user_alloc                     - Undefined Weak Reference
    _terminateio                              - Undefined Weak Reference
    __Vectors_End                            0x0000026c   Data           0  startup_tm4c123.o(RESET)
    __Vectors_Size                           0x0000026c   Number         0  startup_tm4c123.o ABSOLUTE
    __main                                   0x0000026d   Thumb Code     8  __main.o(!!!main)
    __scatterload                            0x00000275   Thumb Code     0  __scatter.o(!!!scatter)
    __scatterload_rt2                        0x00000275   Thumb Code    44  __scatter.o(!!!scatter)
    __scatterload_rt2_thumb_only             0x00000275   Thumb Code     0  __scatter.o(!!!scatter)
    __scatterload_null                       0x00000283   Thumb Code     0  __scatter.o(!!!scatter)
    __scatterload_copy                       0x000002a9   Thumb Code    26  __scatter_copy.o(!!handler_copy)
    __scatterload_zeroinit                   0x000002c5   Thumb Code    28  __scatter_zi.o(!!handler_zi)
    _printf_c                                0x000002e1   Thumb Code     0  _printf_c.o(.ARM.Collect$$_printf_percent$$00000013)
    _printf_percent                          0x000002e1   Thumb Code     0  _printf_percent.o(.ARM.Collect$$_printf_percent$$00000000)
    _printf_s                                0x000002e7   Thumb Code     0  _printf_s.o(.ARM.Collect$$_printf_percent$$00000014)
    _printf_percent_end                      0x000002ed   Thumb Code     0  _printf_percent_end.o(.ARM.Collect$$_printf_percent$$00000017)
    __rt_lib_init                            0x000002f1   Thumb Code     0  libinit.o(.ARM.Collect$$libinit$$00000000)
    __rt_lib_init_fp_1                       0x000002f3   Thumb Code     0  libinit2.o(.ARM.Collect$$libinit$$00000001)
    __rt_lib_init_heap_1                     0x000002f7   Thumb Code     0  libinit2.o(.ARM.Collect$$libinit$$0000000A)
    __rt_lib_init_lc_common                  0x000002f7   Thumb Code     0  libinit2.o(.ARM.Collect$$libinit$$0000000F)
    __rt_lib_init_preinit_1                  0x000002f7   Thumb Code     0  libinit2.o(.ARM.Collect$$libinit$$00000004)
    __rt_lib_init_rand_1                     0x000002f7   Thumb Code     0  libinit2.o(.ARM.Collect$$libinit$$0000000E)
    __rt_lib_init_user_alloc_1               0x000002f7   Thumb Code     0  libinit2.o(.ARM.Collect$$libinit$$0000000C)
    __rt_lib_init_lc_collate_1               0x000002fd   Thumb Code     0  libinit2.o(.ARM.Collect$$libinit$$00000011)
    __rt_lib_init_lc_ctype_2                 0x000002fd   Thumb Code     0  libinit2.o(.ARM.Collect$$libinit$$00000012)
    __rt_lib_init_alloca_1                   0x00000309   Thumb Code     0  libinit2.o(.ARM.Collect$$libinit$$0000002E)
    __rt_lib_init_argv_1                     0x00000309   Thumb Code     0  libinit2.o(.ARM.Collect$$libinit$$0000002C)
    __rt_lib_init_atexit_1                   0x00000309   Thumb Code     0  libinit2.o(.ARM.Collect$$libinit$$0000001B)
    __rt_lib_init_clock_1                    0x00000309   Thumb Code     0  libinit2.o(.ARM.Collect$$libinit$$00000021)
    __rt_lib_init_cpp_1                      0x00000309   Thumb Code     0  libinit2.o(.ARM.Collect$$libinit$$00000032)
    __rt_lib_init_exceptions_1               0x00000309   Thumb Code     0  libinit2.o(.ARM.Collect$$libinit$$00000030)
    __rt_lib_init_fp_trap_1                  0x00000309   Thumb Code     0  libinit2.o(.ARM.Collect$$libinit$$0000001F)
    __rt_lib_init_getenv_1                   0x00000309   Thumb Code     0  libinit2.o(.ARM.Collect$$libinit$$00000023)
    __rt_lib_init_lc_ctype_1                 0x00000309   Thumb Code     0  libinit2.o(.ARM.Collect$$libinit$$00000013)
    __rt_lib_init_lc_monetary_1              0x00000309   Thumb Code     0  libinit2.o(.ARM.Collect$$libinit$$00000015)
    __rt_lib_init_lc_numeric_1               0x00000309   Thumb Code     0  libinit2.o(.ARM.Collect$$libinit$$00000017)
    __rt_lib_init_lc_time_1                  0x00000309   Thumb Code     0  libinit2.o(.ARM.Collect$$libinit$$00000019)
    __rt_lib_init_return                     0x00000309   Thumb Code     0  libinit2.o(.ARM.Collect$$libinit$$00000033)
    __rt_lib_init_signal_1                   0x00000309   Thumb Code     0  libinit2.o(.ARM.Collect$$libinit$$0000001D)
    __rt_lib_init_stdio_1                    0x00000309   Thumb Code     0  libinit2.o(.ARM.Collect$$libinit$$00000025)
    __rt_lib_shutdown                        0x0000030b   Thumb Code     0  libshutdown.o(.ARM.Collect$$libshutdown$$00000000)
    __rt_lib_shutdown_cpp_1                  0x0000030d   Thumb Code     0  libshutdown2.o(.ARM.Collect$$libshutdown$$00000002)
    __rt_lib_shutdown_fp_trap_1              0x0000030d   Thumb Code     0  libshutdown2.o(.ARM.Collect$$libshutdown$$00000007)
    __rt_lib_shutdown_heap_1                 0x0000030d   Thumb Code     0  libshutdown2.o(.ARM.Collect$$libshutdown$$0000000F)
    __rt_lib_shutdown_return                 0x0000030d   Thumb Code     0  libshutdown2.o(.ARM.Collect$$libshutdown$$00000010)
    __rt_lib_shutdown_signal_1               0x0000030d   Thumb Code     0  libshutdown2.o(.ARM.Collect$$libshutdown$$0000000A)
    __rt_lib_shutdown_stdio_1                0x0000030d   Thumb Code     0  libshutdown2.o(.ARM.Collect$$libshutdown$$00000004)
    __rt_lib_shutdown_user_alloc_1           0x0000030d   Thumb Code     0  libshutdown2.o(.ARM.Collect$$libshutdown$$0000000C)
    __rt_entry                               0x0000030f   Thumb Code     0  __rtentry.o(.ARM.Collect$$rtentry$$00000000)
    __rt_entry_presh_1                       0x0000030f   Thumb Code     0  __rtentry2.o(.ARM.Collect$$rtentry$$00000002)
    __rt_entry_sh                            0x0000030f   Thumb Code     0  __rtentry4.o(.ARM.Collect$$rtentry$$00000004)
    __rt_entry_li                            0x00000315   Thumb Code     0  __rtentry2.o(.ARM.Collect$$rtentry$$0000000A)
    __rt_entry_postsh_1                      0x00000315   Thumb Code     0  __rtentry2.o(.ARM.Collect$$rtentry$$00000009)
    __rt_entry_main                          0x00000319   Thumb Code     0  __rtentry2.o(.ARM.Collect$$rtentry$$0000000D)
    __rt_entry_postli_1                      0x00000319   Thumb Code     0  __rtentry2.o(.ARM.Collect$$rtentry$$0000000C)
    __rt_exit                                0x00000321   Thumb Code     0  rtexit.o(.ARM.Collect$$rtexit$$00000000)
    __rt_exit_ls                             0x00000323   Thumb Code     0  rtexit2.o(.ARM.Collect$$rtexit$$00000003)
    __rt_exit_prels_1                        0x00000323   Thumb Code     0  rtexit2.o(.ARM.Collect$$rtexit$$00000002)
    __rt_exit_exit                           0x00000327   Thumb Code     0  rtexit2.o(.ARM.Collect$$rtexit$$00000004)
    SysCtlDelay                              0x0000032d   Thumb Code     6  sysctl.o(.emb_text)
    Reset_Handler                            0x00000335   Thumb Code     8  startup_tm4c123.o(.text)
    NMI_Handler                              0x0000033d   Thumb Code     2  startup_tm4c123.o(.text)
    HardFault_Handler                        0x0000033f   Thumb Code     2  startup_tm4c123.o(.text)
    MemManage_Handler                        0x00000341   Thumb Code     2  startup_tm4c123.o(.text)
    BusFault_Handler                         0x00000343   Thumb Code     2  startup_tm4c123.o(.text)
    UsageFault_Handler                       0x00000345   Thumb Code     2  startup_tm4c123.o(.text)
    DebugMon_Handler                         0x00000349   Thumb Code     2  startup_tm4c123.o(.text)
    GPIOA_Handler                            0x0000034f   Thumb Code     2  startup_tm4c123.o(.text)
    GPIOB_Handler                            0x00000351   Thumb Code     2  startup_tm4c123.o(.text)
    GPIOC_Handler                            0x00000353   Thumb Code     2  startup_tm4c123.o(.text)
    GPIOD_Handler                            0x00000355   Thumb Code     2  startup_tm4c123.o(.text)
    GPIOE_Handler                            0x00000357   Thumb Code     2  startup_tm4c123.o(.text)
    UART0_Handler                            0x00000359   Thumb Code     2  startup_tm4c123.o(.text)
    UART1_Handler                            0x0000035b   Thumb Code     2  startup_tm4c123.o(.text)
    SSI0_Handler                             0x0000035d   Thumb Code     2  startup_tm4c123.o(.text)
    I2C0_Handler                             0x0000035f   Thumb Code     2  startup_tm4c123.o(.text)
    PMW0_FAULT_Handler                       0x00000361   Thumb Code     2  startup_tm4c123.o(.text)
    PWM0_0_Handler                           0x00000363   Thumb Code     2  startup_tm4c123.o(.text)
    PWM0_1_Handler                           0x00000365   Thumb Code     2  startup_tm4c123.o(.text)
    PWM0_2_Handler                           0x00000367   Thumb Code     2  startup_tm4c123.o(.text)
    QEI0_Handler                             0x00000369   Thumb Code     2  startup_tm4c123.o(.text)
    ADC0SS0_Handler                          0x0000036b   Thumb Code     2  startup_tm4c123.o(.text)
    ADC0SS1_Handler                          0x0000036d   Thumb Code     2  startup_tm4c123.o(.text)
    ADC0SS2_Handler                          0x0000036f   Thumb Code     2  startup_tm4c123.o(.text)
    ADC0SS3_Handler                          0x00000371   Thumb Code     2  startup_tm4c123.o(.text)
    WDT0_Handler                             0x00000373   Thumb Code     2  startup_tm4c123.o(.text)
    TIMER0A_Handler                          0x00000375   Thumb Code     2  startup_tm4c123.o(.text)
    TIMER0B_Handler                          0x00000377   Thumb Code     2  startup_tm4c123.o(.text)
    TIMER1A_Handler                          0x00000379   Thumb Code     2  startup_tm4c123.o(.text)
    TIMER1B_Handler                          0x0000037b   Thumb Code     2  startup_tm4c123.o(.text)
    TIMER2A_Handler                          0x0000037d   Thumb Code     2  startup_tm4c123.o(.text)
    TIMER2B_Handler                          0x0000037f   Thumb Code     2  startup_tm4c123.o(.text)
    COMP0_Handler                            0x00000381   Thumb Code     2  startup_tm4c123.o(.text)
    COMP1_Handler                            0x00000383   Thumb Code     2  startup_tm4c123.o(.text)
    COMP2_Handler                            0x00000385   Thumb Code     2  startup_tm4c123.o(.text)
    SYSCTL_Handler                           0x00000387   Thumb Code     2  startup_tm4c123.o(.text)
    FLASH_Handler                            0x00000389   Thumb Code     2  startup_tm4c123.o(.text)
    GPIOF_Handler                            0x0000038b   Thumb Code     2  startup_tm4c123.o(.text)
    GPIOG_Handler                            0x0000038d   Thumb Code     2  startup_tm4c123.o(.text)
    GPIOH_Handler                            0x0000038f   Thumb Code     2  startup_tm4c123.o(.text)
    UART2_Handler                            0x00000391   Thumb Code     2  startup_tm4c123.o(.text)
    SSI1_Handler                             0x00000393   Thumb Code     2  startup_tm4c123.o(.text)
    TIMER3A_Handler                          0x00000395   Thumb Code     2  startup_tm4c123.o(.text)
    TIMER3B_Handler                          0x00000397   Thumb Code     2  startup_tm4c123.o(.text)
    I2C1_Handler                             0x00000399   Thumb Code     2  startup_tm4c123.o(.text)
    QEI1_Handler                             0x0000039b   Thumb Code     2  startup_tm4c123.o(.text)
    CAN0_Handler                             0x0000039d   Thumb Code     2  startup_tm4c123.o(.text)
    CAN1_Handler                             0x0000039f   Thumb Code     2  startup_tm4c123.o(.text)
    CAN2_Handler                             0x000003a1   Thumb Code     2  startup_tm4c123.o(.text)
    HIB_Handler                              0x000003a3   Thumb Code     2  startup_tm4c123.o(.text)
    USB0_Handler                             0x000003a5   Thumb Code     2  startup_tm4c123.o(.text)
    PWM0_3_Handler                           0x000003a7   Thumb Code     2  startup_tm4c123.o(.text)
    UDMA_Handler                             0x000003a9   Thumb Code     2  startup_tm4c123.o(.text)
    UDMAERR_Handler                          0x000003ab   Thumb Code     2  startup_tm4c123.o(.text)
    ADC1SS0_Handler                          0x000003ad   Thumb Code     2  startup_tm4c123.o(.text)
    ADC1SS1_Handler                          0x000003af   Thumb Code     2  startup_tm4c123.o(.text)
    ADC1SS2_Handler                          0x000003b1   Thumb Code     2  startup_tm4c123.o(.text)
    ADC1SS3_Handler                          0x000003b3   Thumb Code     2  startup_tm4c123.o(.text)
    GPIOJ_Handler                            0x000003b5   Thumb Code     2  startup_tm4c123.o(.text)
    GPIOK_Handler                            0x000003b7   Thumb Code     2  startup_tm4c123.o(.text)
    GPIOL_Handler                            0x000003b9   Thumb Code     2  startup_tm4c123.o(.text)
    SSI2_Handler                             0x000003bb   Thumb Code     2  startup_tm4c123.o(.text)
    SSI3_Handler                             0x000003bd   Thumb Code     2  startup_tm4c123.o(.text)
    UART3_Handler                            0x000003bf   Thumb Code     2  startup_tm4c123.o(.text)
    UART4_Handler                            0x000003c1   Thumb Code     2  startup_tm4c123.o(.text)
    UART5_Handler                            0x000003c3   Thumb Code     2  startup_tm4c123.o(.text)
    UART6_Handler                            0x000003c5   Thumb Code     2  startup_tm4c123.o(.text)
    UART7_Handler                            0x000003c7   Thumb Code     2  startup_tm4c123.o(.text)
    I2C2_Handler                             0x000003c9   Thumb Code     2  startup_tm4c123.o(.text)
    I2C3_Handler                             0x000003cb   Thumb Code     2  startup_tm4c123.o(.text)
    TIMER4A_Handler                          0x000003cd   Thumb Code     2  startup_tm4c123.o(.text)
    TIMER4B_Handler                          0x000003cf   Thumb Code     2  startup_tm4c123.o(.text)
    TIMER5A_Handler                          0x000003d1   Thumb Code     2  startup_tm4c123.o(.text)
    TIMER5B_Handler                          0x000003d3   Thumb Code     2  startup_tm4c123.o(.text)
    WTIMER0A_Handler                         0x000003d5   Thumb Code     2  startup_tm4c123.o(.text)
    WTIMER0B_Handler                         0x000003d7   Thumb Code     2  startup_tm4c123.o(.text)
    WTIMER1A_Handler                         0x000003d9   Thumb Code     2  startup_tm4c123.o(.text)
    WTIMER1B_Handler                         0x000003db   Thumb Code     2  startup_tm4c123.o(.text)
    WTIMER2A_Handler                         0x000003dd   Thumb Code     2  startup_tm4c123.o(.text)
    WTIMER2B_Handler                         0x000003df   Thumb Code     2  startup_tm4c123.o(.text)
    WTIMER3A_Handler                         0x000003e1   Thumb Code     2  startup_tm4c123.o(.text)
    WTIMER3B_Handler                         0x000003e3   Thumb Code     2  startup_tm4c123.o(.text)
    WTIMER4A_Handler                         0x000003e5   Thumb Code     2  startup_tm4c123.o(.text)
    WTIMER4B_Handler                         0x000003e7   Thumb Code     2  startup_tm4c123.o(.text)
    WTIMER5A_Handler                         0x000003e9   Thumb Code     2  startup_tm4c123.o(.text)
    WTIMER5B_Handler                         0x000003eb   Thumb Code     2  startup_tm4c123.o(.text)
    FPU_Handler                              0x000003ed   Thumb Code     2  startup_tm4c123.o(.text)
    I2C4_Handler                             0x000003ef   Thumb Code     2  startup_tm4c123.o(.text)
    I2C5_Handler                             0x000003f1   Thumb Code     2  startup_tm4c123.o(.text)
    GPIOM_Handler                            0x000003f3   Thumb Code     2  startup_tm4c123.o(.text)
    GPION_Handler                            0x000003f5   Thumb Code     2  startup_tm4c123.o(.text)
    QEI2_Handler                             0x000003f7   Thumb Code     2  startup_tm4c123.o(.text)
    GPIOP0_Handler                           0x000003f9   Thumb Code     2  startup_tm4c123.o(.text)
    GPIOP1_Handler                           0x000003fb   Thumb Code     2  startup_tm4c123.o(.text)
    GPIOP2_Handler                           0x000003fd   Thumb Code     2  startup_tm4c123.o(.text)
    GPIOP3_Handler                           0x000003ff   Thumb Code     2  startup_tm4c123.o(.text)
    GPIOP4_Handler                           0x00000401   Thumb Code     2  startup_tm4c123.o(.text)
    GPIOP5_Handler                           0x00000403   Thumb Code     2  startup_tm4c123.o(.text)
    GPIOP6_Handler                           0x00000405   Thumb Code     2  startup_tm4c123.o(.text)
    GPIOP7_Handler                           0x00000407   Thumb Code     2  startup_tm4c123.o(.text)
    GPIOQ0_Handler                           0x00000409   Thumb Code     2  startup_tm4c123.o(.text)
    GPIOQ1_Handler                           0x0000040b   Thumb Code     2  startup_tm4c123.o(.text)
    GPIOQ2_Handler                           0x0000040d   Thumb Code     2  startup_tm4c123.o(.text)
    GPIOQ3_Handler                           0x0000040f   Thumb Code     2  startup_tm4c123.o(.text)
    GPIOQ4_Handler                           0x00000411   Thumb Code     2  startup_tm4c123.o(.text)
    GPIOQ5_Handler                           0x00000413   Thumb Code     2  startup_tm4c123.o(.text)
    GPIOQ6_Handler                           0x00000415   Thumb Code     2  startup_tm4c123.o(.text)
    GPIOQ7_Handler                           0x00000417   Thumb Code     2  startup_tm4c123.o(.text)
    GPIOR_Handler                            0x00000419   Thumb Code     2  startup_tm4c123.o(.text)
    GPIOS_Handler                            0x0000041b   Thumb Code     2  startup_tm4c123.o(.text)
    PMW1_0_Handler                           0x0000041d   Thumb Code     2  startup_tm4c123.o(.text)
    PWM1_1_Handler                           0x0000041f   Thumb Code     2  startup_tm4c123.o(.text)
    PWM1_2_Handler                           0x00000421   Thumb Code     2  startup_tm4c123.o(.text)
    PWM1_3_Handler                           0x00000423   Thumb Code     2  startup_tm4c123.o(.text)
    PWM1_FAULT_Handler                       0x00000425   Thumb Code     2  startup_tm4c123.o(.text)
    __user_initial_stackheap                 0x00000429   Thumb Code     0  startup_tm4c123.o(.text)
    __rt_ctype_table                         0x00000449   Thumb Code    16  rt_ctype_table.o(.text)
    __2sprintf                               0x00000459   Thumb Code    34  noretval__2sprintf.o(.text)
    __printf                                 0x00000481   Thumb Code   104  __printf.o(.text)
    _printf_str                              0x000004e9   Thumb Code    82  _printf_str.o(.text)
    strlen                                   0x0000053b   Thumb Code    62  strlen.o(.text)
    __aeabi_memcpy                           0x00000579   Thumb Code     0  rt_memcpy_v6.o(.text)
    __rt_memcpy                              0x00000579   Thumb Code   138  rt_memcpy_v6.o(.text)
    _memcpy_lastbytes                        0x000005df   Thumb Code     0  rt_memcpy_v6.o(.text)
    __aeabi_memset4                          0x00000603   Thumb Code    16  aeabi_memset4.o(.text)
    __aeabi_memset8                          0x00000603   Thumb Code     0  aeabi_memset4.o(.text)
    __use_two_region_memory                  0x00000613   Thumb Code     2  heapauxi.o(.text)
    __rt_heap_escrow$2region                 0x00000615   Thumb Code     2  heapauxi.o(.text)
    __rt_heap_expand$2region                 0x00000617   Thumb Code     2  heapauxi.o(.text)
    __rt_locale                              0x00000619   Thumb Code     8  rt_locale_intlibspace.o(.text)
    _printf_char_common                      0x0000062b   Thumb Code    32  _printf_char_common.o(.text)
    _sputc                                   0x00000651   Thumb Code    10  _sputc.o(.text)
    _printf_cs_common                        0x0000065b   Thumb Code    20  _printf_char.o(.text)
    _printf_char                             0x0000066f   Thumb Code    16  _printf_char.o(.text)
    _printf_string                           0x0000067f   Thumb Code     8  _printf_char.o(.text)
    __aeabi_memcpy4                          0x00000687   Thumb Code     0  rt_memcpy_w.o(.text)
    __aeabi_memcpy8                          0x00000687   Thumb Code     0  rt_memcpy_w.o(.text)
    __rt_memcpy_w                            0x00000687   Thumb Code   100  rt_memcpy_w.o(.text)
    _memcpy_lastbytes_aligned                0x000006cf   Thumb Code     0  rt_memcpy_w.o(.text)
    __aeabi_memclr4                          0x000006eb   Thumb Code     0  rt_memclr_w.o(.text)
    __aeabi_memclr8                          0x000006eb   Thumb Code     0  rt_memclr_w.o(.text)
    __rt_memclr_w                            0x000006eb   Thumb Code     0  rt_memclr_w.o(.text)
    _memset_w                                0x000006ef   Thumb Code    74  rt_memclr_w.o(.text)
    __user_libspace                          0x00000739   Thumb Code     8  libspace.o(.text)
    __user_perproc_libspace                  0x00000739   Thumb Code     0  libspace.o(.text)
    __user_perthread_libspace                0x00000739   Thumb Code     0  libspace.o(.text)
    strcmp                                   0x00000741   Thumb Code   124  strcmpv7em.o(.text)
    __user_setup_stackheap                   0x000007bd   Thumb Code    74  sys_stackheap_outer.o(.text)
    exit                                     0x00000807   Thumb Code    18  exit.o(.text)
    _sys_exit                                0x00000819   Thumb Code     8  sys_exit.o(.text)
    __I$use$semihosting                      0x00000825   Thumb Code     0  use_no_semi.o(.text)
    __use_no_semihosting_swi                 0x00000825   Thumb Code     2  use_no_semi.o(.text)
    __semihosting_library_function           0x00000827   Thumb Code     0  indicate_semi.o(.text)
    ByteToStr                                0x00000829   Thumb Code     8  lcd.o(.text.ByteToStr)
    LCD_Clear                                0x00000831   Thumb Code    16  lcd.o(.text.LCD_Clear)
    LCD_Command                              0x00000841   Thumb Code   128  lcd.o(.text.LCD_Command)
    LCD_Cursor                               0x000008c1   Thumb Code    28  lcd.o(.text.LCD_Cursor)
    LCD_PrintColumn                          0x000008dd   Thumb Code    46  lcd.o(.text.LCD_PrintColumn)
    LCD_Show                                 0x0000090d   Thumb Code   126  lcd.o(.text.LCD_Show)
    LCD_init                                 0x0000098d   Thumb Code   236  lcd.o(.text.LCD_init)
    LCD_print_Continous                      0x00000a79   Thumb Code    36  lcd.o(.text.LCD_print_Continous)
    PendSV_Handler                           0x00000aa1   Thumb Code   100  port.o(.text.PendSV_Handler)
    Read_From_Keyboard                       0x00000b05   Thumb Code    52  main.o(.text.Read_From_Keyboard)
    Read_Time                                0x00000b39   Thumb Code    56  main.o(.text.Read_Time)
    SVC_Handler                              0x00000b71   Thumb Code    36  port.o(.text.SVC_Handler)
    SysTick_Handler                          0x00000b95   Thumb Code    46  port.o(.text.SysTick_Handler)
    SystemInit                               0x00000bc5   Thumb Code   112  system_tm4c123.o(.text.SystemInit)
    UART0_Init                               0x00000f29   Thumb Code   114  uart.o(.text.UART0_Init)
    UART0_Read                               0x00000f9d   Thumb Code    18  uart.o(.text.UART0_Read)
    UART0_Write_Text                         0x00000fb1   Thumb Code    28  uart.o(.text.UART0_Write_Text)
    eTaskConfirmSleepModeStatus              0x00000fcd   Thumb Code    60  tasks.o(.text.eTaskConfirmSleepModeStatus)
    itoa                                     0x00001009   Thumb Code    84  lcd.o(.text.itoa)
    main                                     0x0000105d   Thumb Code   144  main.o(.text.main)
    printChar                                0x0000111d   Thumb Code    18  uart.o(.text.printChar)
    pvPortMalloc                             0x00001ad9   Thumb Code    90  heap_1.o(.text.pvPortMalloc)
    pxPortInitialiseStack                    0x00001b35   Thumb Code    40  port.o(.text.pxPortInitialiseStack)
    reverse                                  0x00001b5d   Thumb Code    38  lcd.o(.text.reverse)
    trim                                     0x00001b85   Thumb Code    92  lcd.o(.text.trim)
    uxListRemove                             0x00001be1   Thumb Code    36  list.o(.text.uxListRemove)
    vListInitialise                          0x00001c05   Thumb Code    22  list.o(.text.vListInitialise)
    vListInitialiseItem                      0x00001c1d   Thumb Code     6  list.o(.text.vListInitialiseItem)
    vListInsert                              0x00001c25   Thumb Code    58  list.o(.text.vListInsert)
    vListInsertEnd                           0x00001c61   Thumb Code    28  list.o(.text.vListInsertEnd)
    vPortEnterCritical                       0x00001c91   Thumb Code    70  port.o(.text.vPortEnterCritical)
    vPortExitCritical                        0x00001cd9   Thumb Code    46  port.o(.text.vPortExitCritical)
    vPortFree                                0x00001d09   Thumb Code    26  heap_1.o(.text.vPortFree)
    vPortSetupTimerInterrupt                 0x00001d25   Thumb Code   100  port.o(.text.vPortSetupTimerInterrupt)
    vPortSuppressTicksAndSleep               0x00001d89   Thumb Code   276  port.o(.text.vPortSuppressTicksAndSleep)
    vPortValidateInterruptPriority           0x00001e9d   Thumb Code    98  port.o(.text.vPortValidateInterruptPriority)
    vQueueWaitForMessageRestricted           0x00001f01   Thumb Code    68  queue.o(.text.vQueueWaitForMessageRestricted)
    vTaskDelay                               0x00001f45   Thumb Code    84  tasks.o(.text.vTaskDelay)
    vTaskInternalSetTimeOutState             0x00001f99   Thumb Code    26  tasks.o(.text.vTaskInternalSetTimeOutState)
    vTaskMissedYield                         0x00001fb5   Thumb Code    14  tasks.o(.text.vTaskMissedYield)
    vTaskPlaceOnEventList                    0x00001fc5   Thumb Code    50  tasks.o(.text.vTaskPlaceOnEventList)
    vTaskPlaceOnEventListRestricted          0x00001ff9   Thumb Code    62  tasks.o(.text.vTaskPlaceOnEventListRestricted)
    vTaskStartScheduler                      0x00002039   Thumb Code   140  tasks.o(.text.vTaskStartScheduler)
    vTaskStepTick                            0x000020cd   Thumb Code    54  tasks.o(.text.vTaskStepTick)
    vTaskSuspendAll                          0x00002105   Thumb Code    16  tasks.o(.text.vTaskSuspendAll)
    vTaskSwitchContext                       0x00002115   Thumb Code   134  tasks.o(.text.vTaskSwitchContext)
    xPortStartScheduler                      0x0000219d   Thumb Code   274  port.o(.text.xPortStartScheduler)
    xQueueGenericCreate                      0x000022b1   Thumb Code    66  queue.o(.text.xQueueGenericCreate)
    xQueueGenericReset                       0x000022f5   Thumb Code   126  queue.o(.text.xQueueGenericReset)
    xQueueGenericSend                        0x00002375   Thumb Code   464  queue.o(.text.xQueueGenericSend)
    xQueueGenericSendFromISR                 0x00002545   Thumb Code   282  queue.o(.text.xQueueGenericSendFromISR)
    xQueueReceive                            0x00002661   Thumb Code   388  queue.o(.text.xQueueReceive)
    xTaskCheckForTimeOut                     0x000027e5   Thumb Code   162  tasks.o(.text.xTaskCheckForTimeOut)
    xTaskCreate                              0x00002889   Thumb Code    96  tasks.o(.text.xTaskCreate)
    xTaskGetSchedulerState                   0x000028e9   Thumb Code    38  tasks.o(.text.xTaskGetSchedulerState)
    xTaskGetTickCount                        0x00002911   Thumb Code    12  tasks.o(.text.xTaskGetTickCount)
    xTaskIncrementTick                       0x0000291d   Thumb Code   356  tasks.o(.text.xTaskIncrementTick)
    xTaskPriorityDisinherit                  0x00002a81   Thumb Code   178  tasks.o(.text.xTaskPriorityDisinherit)
    xTaskRemoveFromEventList                 0x00002b35   Thumb Code   156  tasks.o(.text.xTaskRemoveFromEventList)
    xTaskResumeAll                           0x00002bd1   Thumb Code   280  tasks.o(.text.xTaskResumeAll)
    xTimerCreateTimerTask                    0x00002ce9   Thumb Code    88  timers.o(.text.xTimerCreateTimerTask)
    xTimerGenericCommand                     0x00002d49   Thumb Code   104  timers.o(.text.xTimerGenericCommand)
    GPIODirModeSet                           0x00002db1   Thumb Code    40  gpio.o(i.GPIODirModeSet)
    GPIOPadConfigSet                         0x00002dd9   Thumb Code   354  gpio.o(i.GPIOPadConfigSet)
    GPIOPinConfigure                         0x00002f49   Thumb Code    60  gpio.o(i.GPIOPinConfigure)
    GPIOPinTypeGPIOOutput                    0x00002f8d   Thumb Code    28  gpio.o(i.GPIOPinTypeGPIOOutput)
    GPIOPinTypeUART                          0x00002fa9   Thumb Code    28  gpio.o(i.GPIOPinTypeUART)
    GPIOPinWrite                             0x00002fc5   Thumb Code     6  gpio.o(i.GPIOPinWrite)
    SysCtlClockSet                           0x00002fcd   Thumb Code   270  sysctl.o(i.SysCtlClockSet)
    SysCtlPeripheralEnable                   0x000030ed   Thumb Code    36  sysctl.o(i.SysCtlPeripheralEnable)
    SysCtlPeripheralReady                    0x00003115   Thumb Code    40  sysctl.o(i.SysCtlPeripheralReady)
    UARTCharGet                              0x00003141   Thumb Code    12  uart.o(i.UARTCharGet)
    UARTCharPut                              0x0000314d   Thumb Code    12  uart.o(i.UARTCharPut)
    UARTClockSourceSet                       0x00003159   Thumb Code     6  uart.o(i.UARTClockSourceSet)
    UARTConfigSetExpClk                      0x0000315f   Thumb Code   110  uart.o(i.UARTConfigSetExpClk)
    UARTDisable                              0x000031cd   Thumb Code    30  uart.o(i.UARTDisable)
    UARTEnable                               0x000031eb   Thumb Code    20  uart.o(i.UARTEnable)
    UARTFIFOEnable                           0x000031ff   Thumb Code    10  uart.o(i.UARTFIFOEnable)
    _get_lc_ctype                            0x00003209   Thumb Code    44  lc_ctype_c.o(locale$$code)
    _fp_init                                 0x00003235   Thumb Code    26  fpinit.o(x$fpl$fpinit)
    __fplib_config_fpu_vfp                   0x0000324d   Thumb Code     0  fpinit.o(x$fpl$fpinit)
    __fplib_config_pureend_doubles           0x0000324d   Thumb Code     0  fpinit.o(x$fpl$fpinit)
    Region$$Table$$Base                      0x00003488   Number         0  anon$$obj.o(Region$$Table)
    Region$$Table$$Limit                     0x000034a8   Number         0  anon$$obj.o(Region$$Table)
    __ctype                                  0x000034b5   Data           0  lc_ctype_c.o(locale$$data)
    SystemCoreClock                          0x20000000   Data           4  system_tm4c123.o(.data.SystemCoreClock)
    __libspace_start                         0x20000070   Data          96  libspace.o(.bss)
    __temporary_stack_top$libspace           0x200000d0   Data           0  libspace.o(.bss)
    pxCurrentTCB                             0x20000128   Data           4  tasks.o(.bss.pxCurrentTCB)
    selection                                0x200001a0   Data           4  main.o(.bss.selection)
    xQueue1                                  0x20003244   Data           4  main.o(.bss.xQueue1)
    xQueue2                                  0x20003248   Data           4  main.o(.bss.xQueue2)



==============================================================================

Memory Map of the image

  Image Entry point : 0x00000335

  Load Region LR_1 (Base: 0x00000000, Size: 0x00003624, Max: 0xffffffff, ABSOLUTE)

    Execution Region ER_RO (Exec base: 0x00000000, Load base: 0x00000000, Size: 0x000035b8, Max: 0xffffffff, ABSOLUTE)

    Exec Addr    Load Addr    Size         Type   Attr      Idx    E Section Name        Object

    0x00000000   0x00000000   0x0000026c   Data   RO          100    RESET               startup_tm4c123.o
    0x0000026c   0x0000026c   0x00000008   Code   RO         1675  * !!!main             c_w.l(__main.o)
    0x00000274   0x00000274   0x00000034   Code   RO         1861    !!!scatter          c_w.l(__scatter.o)
    0x000002a8   0x000002a8   0x0000001a   Code   RO         1863    !!handler_copy      c_w.l(__scatter_copy.o)
    0x000002c2   0x000002c2   0x00000002   PAD
    0x000002c4   0x000002c4   0x0000001c   Code   RO         1865    !!handler_zi        c_w.l(__scatter_zi.o)
    0x000002e0   0x000002e0   0x00000000   Code   RO         1666    .ARM.Collect$$_printf_percent$$00000000  c_w.l(_printf_percent.o)
    0x000002e0   0x000002e0   0x00000006   Code   RO         1664    .ARM.Collect$$_printf_percent$$00000013  c_w.l(_printf_c.o)
    0x000002e6   0x000002e6   0x00000006   Code   RO         1665    .ARM.Collect$$_printf_percent$$00000014  c_w.l(_printf_s.o)
    0x000002ec   0x000002ec   0x00000004   Code   RO         1689    .ARM.Collect$$_printf_percent$$00000017  c_w.l(_printf_percent_end.o)
    0x000002f0   0x000002f0   0x00000002   Code   RO         1775    .ARM.Collect$$libinit$$00000000  c_w.l(libinit.o)
    0x000002f2   0x000002f2   0x00000004   Code   RO         1719    .ARM.Collect$$libinit$$00000001  c_w.l(libinit2.o)
    0x000002f6   0x000002f6   0x00000000   Code   RO         1722    .ARM.Collect$$libinit$$00000004  c_w.l(libinit2.o)
    0x000002f6   0x000002f6   0x00000000   Code   RO         1725    .ARM.Collect$$libinit$$0000000A  c_w.l(libinit2.o)
    0x000002f6   0x000002f6   0x00000000   Code   RO         1727    .ARM.Collect$$libinit$$0000000C  c_w.l(libinit2.o)
    0x000002f6   0x000002f6   0x00000000   Code   RO         1729    .ARM.Collect$$libinit$$0000000E  c_w.l(libinit2.o)
    0x000002f6   0x000002f6   0x00000006   Code   RO         1730    .ARM.Collect$$libinit$$0000000F  c_w.l(libinit2.o)
    0x000002fc   0x000002fc   0x00000000   Code   RO         1732    .ARM.Collect$$libinit$$00000011  c_w.l(libinit2.o)
    0x000002fc   0x000002fc   0x0000000c   Code   RO         1733    .ARM.Collect$$libinit$$00000012  c_w.l(libinit2.o)
    0x00000308   0x00000308   0x00000000   Code   RO         1734    .ARM.Collect$$libinit$$00000013  c_w.l(libinit2.o)
    0x00000308   0x00000308   0x00000000   Code   RO         1736    .ARM.Collect$$libinit$$00000015  c_w.l(libinit2.o)
    0x00000308   0x00000308   0x00000000   Code   RO         1738    .ARM.Collect$$libinit$$00000017  c_w.l(libinit2.o)
    0x00000308   0x00000308   0x00000000   Code   RO         1740    .ARM.Collect$$libinit$$00000019  c_w.l(libinit2.o)
    0x00000308   0x00000308   0x00000000   Code   RO         1742    .ARM.Collect$$libinit$$0000001B  c_w.l(libinit2.o)
    0x00000308   0x00000308   0x00000000   Code   RO         1744    .ARM.Collect$$libinit$$0000001D  c_w.l(libinit2.o)
    0x00000308   0x00000308   0x00000000   Code   RO         1746    .ARM.Collect$$libinit$$0000001F  c_w.l(libinit2.o)
    0x00000308   0x00000308   0x00000000   Code   RO         1748    .ARM.Collect$$libinit$$00000021  c_w.l(libinit2.o)
    0x00000308   0x00000308   0x00000000   Code   RO         1750    .ARM.Collect$$libinit$$00000023  c_w.l(libinit2.o)
    0x00000308   0x00000308   0x00000000   Code   RO         1752    .ARM.Collect$$libinit$$00000025  c_w.l(libinit2.o)
    0x00000308   0x00000308   0x00000000   Code   RO         1756    .ARM.Collect$$libinit$$0000002C  c_w.l(libinit2.o)
    0x00000308   0x00000308   0x00000000   Code   RO         1758    .ARM.Collect$$libinit$$0000002E  c_w.l(libinit2.o)
    0x00000308   0x00000308   0x00000000   Code   RO         1760    .ARM.Collect$$libinit$$00000030  c_w.l(libinit2.o)
    0x00000308   0x00000308   0x00000000   Code   RO         1762    .ARM.Collect$$libinit$$00000032  c_w.l(libinit2.o)
    0x00000308   0x00000308   0x00000002   Code   RO         1763    .ARM.Collect$$libinit$$00000033  c_w.l(libinit2.o)
    0x0000030a   0x0000030a   0x00000002   Code   RO         1816    .ARM.Collect$$libshutdown$$00000000  c_w.l(libshutdown.o)
    0x0000030c   0x0000030c   0x00000000   Code   RO         1822    .ARM.Collect$$libshutdown$$00000002  c_w.l(libshutdown2.o)
    0x0000030c   0x0000030c   0x00000000   Code   RO         1824    .ARM.Collect$$libshutdown$$00000004  c_w.l(libshutdown2.o)
    0x0000030c   0x0000030c   0x00000000   Code   RO         1827    .ARM.Collect$$libshutdown$$00000007  c_w.l(libshutdown2.o)
    0x0000030c   0x0000030c   0x00000000   Code   RO         1830    .ARM.Collect$$libshutdown$$0000000A  c_w.l(libshutdown2.o)
    0x0000030c   0x0000030c   0x00000000   Code   RO         1832    .ARM.Collect$$libshutdown$$0000000C  c_w.l(libshutdown2.o)
    0x0000030c   0x0000030c   0x00000000   Code   RO         1835    .ARM.Collect$$libshutdown$$0000000F  c_w.l(libshutdown2.o)
    0x0000030c   0x0000030c   0x00000002   Code   RO         1836    .ARM.Collect$$libshutdown$$00000010  c_w.l(libshutdown2.o)
    0x0000030e   0x0000030e   0x00000000   Code   RO         1677    .ARM.Collect$$rtentry$$00000000  c_w.l(__rtentry.o)
    0x0000030e   0x0000030e   0x00000000   Code   RO         1701    .ARM.Collect$$rtentry$$00000002  c_w.l(__rtentry2.o)
    0x0000030e   0x0000030e   0x00000006   Code   RO         1713    .ARM.Collect$$rtentry$$00000004  c_w.l(__rtentry4.o)
    0x00000314   0x00000314   0x00000000   Code   RO         1703    .ARM.Collect$$rtentry$$00000009  c_w.l(__rtentry2.o)
    0x00000314   0x00000314   0x00000004   Code   RO         1704    .ARM.Collect$$rtentry$$0000000A  c_w.l(__rtentry2.o)
    0x00000318   0x00000318   0x00000000   Code   RO         1706    .ARM.Collect$$rtentry$$0000000C  c_w.l(__rtentry2.o)
    0x00000318   0x00000318   0x00000008   Code   RO         1707    .ARM.Collect$$rtentry$$0000000D  c_w.l(__rtentry2.o)
    0x00000320   0x00000320   0x00000002   Code   RO         1778    .ARM.Collect$$rtexit$$00000000  c_w.l(rtexit.o)
    0x00000322   0x00000322   0x00000000   Code   RO         1789    .ARM.Collect$$rtexit$$00000002  c_w.l(rtexit2.o)
    0x00000322   0x00000322   0x00000004   Code   RO         1790    .ARM.Collect$$rtexit$$00000003  c_w.l(rtexit2.o)
    0x00000326   0x00000326   0x00000006   Code   RO         1791    .ARM.Collect$$rtexit$$00000004  c_w.l(rtexit2.o)
    0x0000032c   0x0000032c   0x00000006   Code   RO          863    .emb_text           driverlib.lib(sysctl.o)
    0x00000332   0x00000332   0x00000002   PAD
    0x00000334   0x00000334   0x00000114   Code   RO          101  * .text               startup_tm4c123.o
    0x00000448   0x00000448   0x00000010   Code   RO         1634    .text               c_w.l(rt_ctype_table.o)
    0x00000458   0x00000458   0x00000028   Code   RO         1638    .text               c_w.l(noretval__2sprintf.o)
    0x00000480   0x00000480   0x00000068   Code   RO         1640    .text               c_w.l(__printf.o)
    0x000004e8   0x000004e8   0x00000052   Code   RO         1642    .text               c_w.l(_printf_str.o)
    0x0000053a   0x0000053a   0x0000003e   Code   RO         1667    .text               c_w.l(strlen.o)
    0x00000578   0x00000578   0x0000008a   Code   RO         1669    .text               c_w.l(rt_memcpy_v6.o)
    0x00000602   0x00000602   0x00000010   Code   RO         1671    .text               c_w.l(aeabi_memset4.o)
    0x00000612   0x00000612   0x00000006   Code   RO         1673    .text               c_w.l(heapauxi.o)
    0x00000618   0x00000618   0x00000008   Code   RO         1681    .text               c_w.l(rt_locale_intlibspace.o)
    0x00000620   0x00000620   0x00000030   Code   RO         1683    .text               c_w.l(_printf_char_common.o)
    0x00000650   0x00000650   0x0000000a   Code   RO         1685    .text               c_w.l(_sputc.o)
    0x0000065a   0x0000065a   0x0000002c   Code   RO         1687    .text               c_w.l(_printf_char.o)
    0x00000686   0x00000686   0x00000064   Code   RO         1693    .text               c_w.l(rt_memcpy_w.o)
    0x000006ea   0x000006ea   0x0000004e   Code   RO         1695    .text               c_w.l(rt_memclr_w.o)
    0x00000738   0x00000738   0x00000008   Code   RO         1697    .text               c_w.l(libspace.o)
    0x00000740   0x00000740   0x0000007c   Code   RO         1717    .text               c_w.l(strcmpv7em.o)
    0x000007bc   0x000007bc   0x0000004a   Code   RO         1764    .text               c_w.l(sys_stackheap_outer.o)
    0x00000806   0x00000806   0x00000012   Code   RO         1766    .text               c_w.l(exit.o)
    0x00000818   0x00000818   0x0000000c   Code   RO         1801    .text               c_w.l(sys_exit.o)
    0x00000824   0x00000824   0x00000002   Code   RO         1805    .text               c_w.l(use_no_semi.o)
    0x00000826   0x00000826   0x00000000   Code   RO         1807    .text               c_w.l(indicate_semi.o)
    0x00000826   0x00000826   0x00000002   PAD
    0x00000828   0x00000828   0x00000008   Code   RO           24    .text.ByteToStr     lcd.o
    0x00000830   0x00000830   0x00000010   Code   RO            6    .text.LCD_Clear     lcd.o
    0x00000840   0x00000840   0x00000080   Code   RO            4    .text.LCD_Command   lcd.o
    0x000008c0   0x000008c0   0x0000001c   Code   RO           10    .text.LCD_Cursor    lcd.o
    0x000008dc   0x000008dc   0x0000002e   Code   RO           14    .text.LCD_PrintColumn  lcd.o
    0x0000090a   0x0000090a   0x00000002   PAD
    0x0000090c   0x0000090c   0x0000007e   Code   RO            8    .text.LCD_Show      lcd.o
    0x0000098a   0x0000098a   0x00000002   PAD
    0x0000098c   0x0000098c   0x000000ec   Code   RO            2    .text.LCD_init      lcd.o
    0x00000a78   0x00000a78   0x00000024   Code   RO           16    .text.LCD_print_Continous  lcd.o
    0x00000a9c   0x00000a9c   0x00000004   PAD
    0x00000aa0   0x00000aa0   0x00000064   Code   RO          163    .text.PendSV_Handler  port.o
    0x00000b04   0x00000b04   0x00000034   Code   RO           48    .text.Read_From_Keyboard  main.o
    0x00000b38   0x00000b38   0x00000038   Code   RO           50    .text.Read_Time     main.o
    0x00000b70   0x00000b70   0x00000024   Code   RO          147    .text.SVC_Handler   port.o
    0x00000b94   0x00000b94   0x0000002e   Code   RO          165    .text.SysTick_Handler  port.o
    0x00000bc2   0x00000bc2   0x00000002   PAD
    0x00000bc4   0x00000bc4   0x00000070   Code   RO          112    .text.SystemInit    system_tm4c123.o
    0x00000c34   0x00000c34   0x00000074   Code   RO           42    .text.Task1         main.o
    0x00000ca8   0x00000ca8   0x00000118   Code   RO           44    .text.Task2         main.o
    0x00000dc0   0x00000dc0   0x00000168   Code   RO           46    .text.Task3         main.o
    0x00000f28   0x00000f28   0x00000072   Code   RO           85    .text.UART0_Init    uart.o
    0x00000f9a   0x00000f9a   0x00000002   PAD
    0x00000f9c   0x00000f9c   0x00000012   Code   RO           87    .text.UART0_Read    uart.o
    0x00000fae   0x00000fae   0x00000002   PAD
    0x00000fb0   0x00000fb0   0x0000001c   Code   RO           89    .text.UART0_Write_Text  uart.o
    0x00000fcc   0x00000fcc   0x0000003c   Code   RO          386    .text.eTaskConfirmSleepModeStatus  tasks.o
    0x00001008   0x00001008   0x00000054   Code   RO           26    .text.itoa          lcd.o
    0x0000105c   0x0000105c   0x000000c0   Code   RO           40    .text.main          main.o
    0x0000111c   0x0000111c   0x00000012   Code   RO           75    .text.printChar     uart.o
    0x0000112e   0x0000112e   0x00000002   PAD
    0x00001130   0x00001130   0x000000aa   Code   RO          308    .text.prvAddCurrentTaskToDelayedList  tasks.o
    0x000011da   0x000011da   0x00000002   PAD
    0x000011dc   0x000011dc   0x000000ae   Code   RO          296    .text.prvAddNewTaskToReadyList  tasks.o
    0x0000128a   0x0000128a   0x00000002   PAD
    0x0000128c   0x0000128c   0x0000005a   Code   RO          461    .text.prvCheckForValidListAndQueue  timers.o
    0x000012e6   0x000012e6   0x00000002   PAD
    0x000012e8   0x000012e8   0x0000004e   Code   RO          426    .text.prvCheckTasksWaitingTermination  tasks.o
    0x00001336   0x00001336   0x00000002   PAD
    0x00001338   0x00001338   0x00000026   Code   RO          242    .text.prvCopyDataFromQueue  queue.o
    0x0000135e   0x0000135e   0x00000002   PAD
    0x00001360   0x00001360   0x0000007a   Code   RO          228    .text.prvCopyDataToQueue  queue.o
    0x000013da   0x000013da   0x00000002   PAD
    0x000013dc   0x000013dc   0x00000012   Code   RO          300    .text.prvDeleteTCB  tasks.o
    0x000013ee   0x000013ee   0x00000002   PAD
    0x000013f0   0x000013f0   0x00000044   Code   RO          428    .text.prvGetExpectedIdleTime  tasks.o
    0x00001434   0x00001434   0x00000020   Code   RO          497    .text.prvGetNextExpireTime  timers.o
    0x00001454   0x00001454   0x00000072   Code   RO          334    .text.prvIdleTask   tasks.o
    0x000014c6   0x000014c6   0x00000002   PAD
    0x000014c8   0x000014c8   0x00000024   Code   RO          208    .text.prvInitialiseNewQueue  queue.o
    0x000014ec   0x000014ec   0x0000009c   Code   RO          294    .text.prvInitialiseNewTask  tasks.o
    0x00001588   0x00001588   0x0000006e   Code   RO          424    .text.prvInitialiseTaskLists  tasks.o
    0x000015f6   0x000015f6   0x00000002   PAD
    0x000015f8   0x000015f8   0x00000040   Code   RO          509    .text.prvInsertTimerInActiveList  timers.o
    0x00001638   0x00001638   0x00000018   Code   RO          244    .text.prvIsQueueEmpty  queue.o
    0x00001650   0x00001650   0x0000001c   Code   RO          232    .text.prvIsQueueFull  queue.o
    0x0000166c   0x0000166c   0x00000076   Code   RO          230    .text.prvNotifyQueueSetContainer  queue.o
    0x000016e2   0x000016e2   0x00000002   PAD
    0x000016e4   0x000016e4   0x00000028   Code   RO          155    .text.prvPortStartFirstTask  port.o
    0x0000170c   0x0000170c   0x0000006e   Code   RO          505    .text.prvProcessExpiredTimer  timers.o
    0x0000177a   0x0000177a   0x00000002   PAD
    0x0000177c   0x0000177c   0x00000122   Code   RO          501    .text.prvProcessReceivedCommands  timers.o
    0x0000189e   0x0000189e   0x00000002   PAD
    0x000018a0   0x000018a0   0x00000080   Code   RO          499    .text.prvProcessTimerOrBlockTask  timers.o
    0x00001920   0x00001920   0x00000028   Code   RO          302    .text.prvResetNextTaskUnblockTime  tasks.o
    0x00001948   0x00001948   0x0000002a   Code   RO          503    .text.prvSampleTimeNow  timers.o
    0x00001972   0x00001972   0x00000002   PAD
    0x00001974   0x00001974   0x0000008e   Code   RO          507    .text.prvSwitchTimerLists  timers.o
    0x00001a02   0x00001a02   0x00000002   PAD
    0x00001a04   0x00001a04   0x00000032   Code   RO          145    .text.prvTaskExitError  port.o
    0x00001a36   0x00001a36   0x00000002   PAD
    0x00001a38   0x00001a38   0x00000016   Code   RO          463    .text.prvTimerTask  timers.o
    0x00001a4e   0x00001a4e   0x00000002   PAD
    0x00001a50   0x00001a50   0x00000086   Code   RO          234    .text.prvUnlockQueue  queue.o
    0x00001ad6   0x00001ad6   0x00000002   PAD
    0x00001ad8   0x00001ad8   0x0000005a   Code   RO          185    .text.pvPortMalloc  heap_1.o
    0x00001b32   0x00001b32   0x00000002   PAD
    0x00001b34   0x00001b34   0x00000028   Code   RO          143    .text.pxPortInitialiseStack  port.o
    0x00001b5c   0x00001b5c   0x00000026   Code   RO           28    .text.reverse       lcd.o
    0x00001b82   0x00001b82   0x00000002   PAD
    0x00001b84   0x00001b84   0x0000005c   Code   RO           30    .text.trim          lcd.o
    0x00001be0   0x00001be0   0x00000024   Code   RO          133    .text.uxListRemove  list.o
    0x00001c04   0x00001c04   0x00000016   Code   RO          125    .text.vListInitialise  list.o
    0x00001c1a   0x00001c1a   0x00000002   PAD
    0x00001c1c   0x00001c1c   0x00000006   Code   RO          127    .text.vListInitialiseItem  list.o
    0x00001c22   0x00001c22   0x00000002   PAD
    0x00001c24   0x00001c24   0x0000003a   Code   RO          131    .text.vListInsert   list.o
    0x00001c5e   0x00001c5e   0x00000002   PAD
    0x00001c60   0x00001c60   0x0000001c   Code   RO          129    .text.vListInsertEnd  list.o
    0x00001c7c   0x00001c7c   0x00000014   Code   RO          153    .text.vPortEnableVFP  port.o
    0x00001c90   0x00001c90   0x00000046   Code   RO          159    .text.vPortEnterCritical  port.o
    0x00001cd6   0x00001cd6   0x00000002   PAD
    0x00001cd8   0x00001cd8   0x0000002e   Code   RO          161    .text.vPortExitCritical  port.o
    0x00001d06   0x00001d06   0x00000002   PAD
    0x00001d08   0x00001d08   0x0000001a   Code   RO          187    .text.vPortFree     heap_1.o
    0x00001d22   0x00001d22   0x00000002   PAD
    0x00001d24   0x00001d24   0x00000064   Code   RO          151    .text.vPortSetupTimerInterrupt  port.o
    0x00001d88   0x00001d88   0x00000114   Code   RO          167    .text.vPortSuppressTicksAndSleep  port.o
    0x00001e9c   0x00001e9c   0x00000062   Code   RO          169    .text.vPortValidateInterruptPriority  port.o
    0x00001efe   0x00001efe   0x00000002   PAD
    0x00001f00   0x00001f00   0x00000044   Code   RO          272    .text.vQueueWaitForMessageRestricted  queue.o
    0x00001f44   0x00001f44   0x00000054   Code   RO          312    .text.vTaskDelay    tasks.o
    0x00001f98   0x00001f98   0x0000001a   Code   RO          376    .text.vTaskInternalSetTimeOutState  tasks.o
    0x00001fb2   0x00001fb2   0x00000002   PAD
    0x00001fb4   0x00001fb4   0x0000000e   Code   RO          380    .text.vTaskMissedYield  tasks.o
    0x00001fc2   0x00001fc2   0x00000002   PAD
    0x00001fc4   0x00001fc4   0x00000032   Code   RO          364    .text.vTaskPlaceOnEventList  tasks.o
    0x00001ff6   0x00001ff6   0x00000002   PAD
    0x00001ff8   0x00001ff8   0x0000003e   Code   RO          368    .text.vTaskPlaceOnEventListRestricted  tasks.o
    0x00002036   0x00002036   0x00000002   PAD
    0x00002038   0x00002038   0x00000094   Code   RO          332    .text.vTaskStartScheduler  tasks.o
    0x000020cc   0x000020cc   0x00000036   Code   RO          358    .text.vTaskStepTick  tasks.o
    0x00002102   0x00002102   0x00000002   PAD
    0x00002104   0x00002104   0x00000010   Code   RO          306    .text.vTaskSuspendAll  tasks.o
    0x00002114   0x00002114   0x00000086   Code   RO          324    .text.vTaskSwitchContext  tasks.o
    0x0000219a   0x0000219a   0x00000002   PAD
    0x0000219c   0x0000219c   0x00000112   Code   RO          149    .text.xPortStartScheduler  port.o
    0x000022ae   0x000022ae   0x00000002   PAD
    0x000022b0   0x000022b0   0x00000042   Code   RO          206    .text.xQueueGenericCreate  queue.o
    0x000022f2   0x000022f2   0x00000002   PAD
    0x000022f4   0x000022f4   0x0000007e   Code   RO          204    .text.xQueueGenericReset  queue.o
    0x00002372   0x00002372   0x00000002   PAD
    0x00002374   0x00002374   0x000001d0   Code   RO          220    .text.xQueueGenericSend  queue.o
    0x00002544   0x00002544   0x0000011a   Code   RO          236    .text.xQueueGenericSendFromISR  queue.o
    0x0000265e   0x0000265e   0x00000002   PAD
    0x00002660   0x00002660   0x00000184   Code   RO          240    .text.xQueueReceive  queue.o
    0x000027e4   0x000027e4   0x000000a2   Code   RO          378    .text.xTaskCheckForTimeOut  tasks.o
    0x00002886   0x00002886   0x00000002   PAD
    0x00002888   0x00002888   0x00000060   Code   RO          292    .text.xTaskCreate   tasks.o
    0x000028e8   0x000028e8   0x00000026   Code   RO          398    .text.xTaskGetSchedulerState  tasks.o
    0x0000290e   0x0000290e   0x00000002   PAD
    0x00002910   0x00002910   0x0000000c   Code   RO          340    .text.xTaskGetTickCount  tasks.o
    0x0000291c   0x0000291c   0x00000164   Code   RO          338    .text.xTaskIncrementTick  tasks.o
    0x00002a80   0x00002a80   0x000000b2   Code   RO          402    .text.xTaskPriorityDisinherit  tasks.o
    0x00002b32   0x00002b32   0x00000002   PAD
    0x00002b34   0x00002b34   0x0000009c   Code   RO          370    .text.xTaskRemoveFromEventList  tasks.o
    0x00002bd0   0x00002bd0   0x00000118   Code   RO          310    .text.xTaskResumeAll  tasks.o
    0x00002ce8   0x00002ce8   0x00000060   Code   RO          459    .text.xTimerCreateTimerTask  timers.o
    0x00002d48   0x00002d48   0x00000068   Code   RO          469    .text.xTimerGenericCommand  timers.o
    0x00002db0   0x00002db0   0x00000028   Code   RO          530    i.GPIODirModeSet    driverlib.lib(gpio.o)
    0x00002dd8   0x00002dd8   0x00000170   Code   RO          542    i.GPIOPadConfigSet  driverlib.lib(gpio.o)
    0x00002f48   0x00002f48   0x00000044   Code   RO          543    i.GPIOPinConfigure  driverlib.lib(gpio.o)
    0x00002f8c   0x00002f8c   0x0000001c   Code   RO          554    i.GPIOPinTypeGPIOOutput  driverlib.lib(gpio.o)
    0x00002fa8   0x00002fa8   0x0000001c   Code   RO          566    i.GPIOPinTypeUART   driverlib.lib(gpio.o)
    0x00002fc4   0x00002fc4   0x00000006   Code   RO          572    i.GPIOPinWrite      driverlib.lib(gpio.o)
    0x00002fca   0x00002fca   0x00000002   PAD
    0x00002fcc   0x00002fcc   0x00000120   Code   RO          868    i.SysCtlClockSet    driverlib.lib(sysctl.o)
    0x000030ec   0x000030ec   0x00000028   Code   RO          897    i.SysCtlPeripheralEnable  driverlib.lib(sysctl.o)
    0x00003114   0x00003114   0x0000002c   Code   RO          901    i.SysCtlPeripheralReady  driverlib.lib(sysctl.o)
    0x00003140   0x00003140   0x0000000c   Code   RO         1223    i.UARTCharGet       driverlib.lib(uart.o)
    0x0000314c   0x0000314c   0x0000000c   Code   RO         1225    i.UARTCharPut       driverlib.lib(uart.o)
    0x00003158   0x00003158   0x00000006   Code   RO         1229    i.UARTClockSourceSet  driverlib.lib(uart.o)
    0x0000315e   0x0000315e   0x0000006e   Code   RO         1231    i.UARTConfigSetExpClk  driverlib.lib(uart.o)
    0x000031cc   0x000031cc   0x0000001e   Code   RO         1234    i.UARTDisable       driverlib.lib(uart.o)
    0x000031ea   0x000031ea   0x00000014   Code   RO         1236    i.UARTEnable        driverlib.lib(uart.o)
    0x000031fe   0x000031fe   0x0000000a   Code   RO         1239    i.UARTFIFOEnable    driverlib.lib(uart.o)
    0x00003208   0x00003208   0x0000002c   Code   RO         1691    locale$$code        c_w.l(lc_ctype_c.o)
    0x00003234   0x00003234   0x0000001a   Code   RO         1776    x$fpl$fpinit        fz_wm.l(fpinit.o)
    0x0000324e   0x0000324e   0x00000002   PAD
    0x00003250   0x00003250   0x00000228   Data   RO          575    .constdata          driverlib.lib(gpio.o)
    0x00003478   0x00003478   0x0000000e   Data   RO           63    .rodata.str1.1      main.o
    0x00003486   0x00003486   0x00000002   PAD
    0x00003488   0x00003488   0x00000020   Data   RO         1860    Region$$Table       anon$$obj.o
    0x000034a8   0x000034a8   0x00000110   Data   RO         1690    locale$$data        c_w.l(lc_ctype_c.o)


    Execution Region ER_RW (Exec base: 0x20000000, Load base: 0x000035b8, Size: 0x0000006c, Max: 0xffffffff, ABSOLUTE)

    Exec Addr    Load Addr    Size         Type   Attr      Idx    E Section Name        Object

    0x20000000   0x000035b8   0x00000004   Data   RW          114    .data.SystemCoreClock  system_tm4c123.o
    0x20000004   0x000035bc   0x00000064   Data   RW           61    .data.cities        main.o
    0x20000068   0x00003620   0x00000004   Data   RW          173    .data.uxCriticalNesting  port.o


    Execution Region ER_ZI (Exec base: 0x20000070, Load base: 0x00003624, Size: 0x00003418, Max: 0xffffffff, ABSOLUTE)

    Exec Addr    Load Addr    Size         Type   Attr      Idx    E Section Name        Object

    0x20000070        -       0x00000060   Zero   RW         1698    .bss                c_w.l(libspace.o)
    0x200000d0        -       0x00000050   Zero   RW           62    .bss.cBuffer        main.o
    0x20000120        -       0x00000004   Zero   RW          515    .bss.prvSampleTimeNow.xLastTime  timers.o
    0x20000124        -       0x00000004   Zero   RW          193    .bss.pvPortMalloc.pucAlignedHeap  heap_1.o
    0x20000128        -       0x00000004   Zero   RW          430    .bss.pxCurrentTCB   tasks.o
    0x2000012c        -       0x00000004   Zero   RW          513    .bss.pxCurrentTimerList  timers.o
    0x20000130        -       0x00000004   Zero   RW          440    .bss.pxDelayedTaskList  tasks.o
    0x20000134        -       0x00000004   Zero   RW          441    .bss.pxOverflowDelayedTaskList  tasks.o
    0x20000138        -       0x00000004   Zero   RW          514    .bss.pxOverflowTimerList  timers.o
    0x2000013c        -       0x00000064   Zero   RW          431    .bss.pxReadyTasksLists  tasks.o
    0x200001a0        -       0x00000004   Zero   RW           60    .bss.selection      main.o
    0x200001a4        -       0x00003000   Zero   RW          194    .bss.ucHeap         heap_1.o
    0x200031a4        -       0x00000001   Zero   RW          171    .bss.ucMaxSysCallPriority  port.o
    0x200031a5   0x00003624   0x00000003   PAD
    0x200031a8        -       0x00000004   Zero   RW          172    .bss.ulMaxPRIGROUPValue  port.o
    0x200031ac        -       0x00000001   Zero   RW          176    .bss.ulStoppedTimerCompensation  port.o
    0x200031ad   0x00003624   0x00000003   PAD
    0x200031b0        -       0x00000004   Zero   RW          175    .bss.ulTimerCountsForOneTick  port.o
    0x200031b4        -       0x00000004   Zero   RW          436    .bss.uxCurrentNumberOfTasks  tasks.o
    0x200031b8        -       0x00000004   Zero   RW          435    .bss.uxDeletedTasksWaitingCleanUp  tasks.o
    0x200031bc        -       0x00000004   Zero   RW          438    .bss.uxSchedulerSuspended  tasks.o
    0x200031c0        -       0x00000004   Zero   RW          433    .bss.uxTaskNumber   tasks.o
    0x200031c4        -       0x00000004   Zero   RW          432    .bss.uxTopReadyPriority  tasks.o
    0x200031c8        -       0x00000014   Zero   RW          516    .bss.xActiveTimerList1  timers.o
    0x200031dc        -       0x00000014   Zero   RW          517    .bss.xActiveTimerList2  timers.o
    0x200031f0        -       0x00000014   Zero   RW          449    .bss.xDelayedTaskList1  tasks.o
    0x20003204        -       0x00000014   Zero   RW          450    .bss.xDelayedTaskList2  tasks.o
    0x20003218        -       0x00000004   Zero   RW          444    .bss.xIdleTaskHandle  tasks.o
    0x2000321c        -       0x00000004   Zero   RW          174    .bss.xMaximumPossibleSuppressedTicks  port.o
    0x20003220        -       0x00000004   Zero   RW          195    .bss.xNextFreeByte  heap_1.o
    0x20003224        -       0x00000004   Zero   RW          445    .bss.xNextTaskUnblockTime  tasks.o
    0x20003228        -       0x00000004   Zero   RW          448    .bss.xNumOfOverflows  tasks.o
    0x2000322c        -       0x00000004   Zero   RW          447    .bss.xPendedTicks   tasks.o
    0x20003230        -       0x00000014   Zero   RW          443    .bss.xPendingReadyList  tasks.o
    0x20003244        -       0x00000004   Zero   RW           58    .bss.xQueue1        main.o
    0x20003248        -       0x00000004   Zero   RW           59    .bss.xQueue2        main.o
    0x2000324c        -       0x00000004   Zero   RW          437    .bss.xSchedulerRunning  tasks.o
    0x20003250        -       0x00000014   Zero   RW          442    .bss.xSuspendedTaskList  tasks.o
    0x20003264        -       0x00000014   Zero   RW          434    .bss.xTasksWaitingTermination  tasks.o
    0x20003278        -       0x00000004   Zero   RW          439    .bss.xTickCount     tasks.o
    0x2000327c        -       0x00000004   Zero   RW          511    .bss.xTimerQueue    timers.o
    0x20003280        -       0x00000004   Zero   RW          512    .bss.xTimerTaskHandle  timers.o
    0x20003284        -       0x00000004   Zero   RW          446    .bss.xYieldPending  tasks.o
    0x20003288        -       0x00000000   Zero   RW           99    HEAP                startup_tm4c123.o
    0x20003288        -       0x00000200   Zero   RW           98    STACK               startup_tm4c123.o


==============================================================================

Image component sizes


      Code (inc. data)   RO Data    RW Data    ZI Data      Debug   Object Name

       116          0          0          0      12296       1751   heap_1.o
       838          0          0          0          0       4770   lcd.o
       150          0          0          0          0       2336   list.o
      1056        200         14        100         92       3416   main.o
      1196         16          0          4         14       5009   port.o
      1894          0          0          0          0      22085   queue.o
       276         24        620          0        512       5476   startup_tm4c123.o
       112          0          0          4          0       6521   system_tm4c123.o
      2854          8          0          0        260      31436   tasks.o
      1120         18          0          0         60      12590   timers.o
       178          0          0          0          0       1571   uart.o

    ----------------------------------------------------------------------
      9884        266        668        108      13240      96961   Object Totals
         0          0         32          0          0          0   (incl. Generated)
        94          0          2          0          6          0   (incl. Padding)

    ----------------------------------------------------------------------

      Code (inc. data)   RO Data    RW Data    ZI Data      Debug   Library Member Name

         8          0          0          0          0         68   __main.o
       104          0          0          0          0         84   __printf.o
         0          0          0          0          0          0   __rtentry.o
        12          0          0          0          0          0   __rtentry2.o
         6          0          0          0          0          0   __rtentry4.o
        52          8          0          0          0          0   __scatter.o
        26          0          0          0          0          0   __scatter_copy.o
        28          0          0          0          0          0   __scatter_zi.o
         6          0          0          0          0          0   _printf_c.o
        44          0          0          0          0        108   _printf_char.o
        48          6          0          0          0         96   _printf_char_common.o
         0          0          0          0          0          0   _printf_percent.o
         4          0          0          0          0          0   _printf_percent_end.o
         6          0          0          0          0          0   _printf_s.o
        82          0          0          0          0         80   _printf_str.o
        10          0          0          0          0         68   _sputc.o
        16          0          0          0          0         68   aeabi_memset4.o
        18          0          0          0          0         80   exit.o
         6          0          0          0          0        152   heapauxi.o
         0          0          0          0          0          0   indicate_semi.o
        44         10        272          0          0         76   lc_ctype_c.o
         2          0          0          0          0          0   libinit.o
        24          0          0          0          0          0   libinit2.o
         2          0          0          0          0          0   libshutdown.o
         2          0          0          0          0          0   libshutdown2.o
         8          4          0          0         96         68   libspace.o
        40          6          0          0          0         84   noretval__2sprintf.o
        16          4          0          0          0         76   rt_ctype_table.o
         8          4          0          0          0         68   rt_locale_intlibspace.o
        78          0          0          0          0         80   rt_memclr_w.o
       138          0          0          0          0         68   rt_memcpy_v6.o
       100          0          0          0          0         80   rt_memcpy_w.o
         2          0          0          0          0          0   rtexit.o
        10          0          0          0          0          0   rtexit2.o
       124          0          0          0          0         88   strcmpv7em.o
        62          0          0          0          0         76   strlen.o
        12          4          0          0          0         68   sys_exit.o
        74          0          0          0          0         80   sys_stackheap_outer.o
         2          0          0          0          0         68   use_no_semi.o
       538         22        552          0          0       9120   gpio.o
       378         26          0          0          0       2266   sysctl.o
       200          0          0          0          0       4369   uart.o
        26          0          0          0          0        116   fpinit.o

    ----------------------------------------------------------------------
      2376         94        824          0         96      17655   Library Totals
        10          0          0          0          0          0   (incl. Padding)

    ----------------------------------------------------------------------

      Code (inc. data)   RO Data    RW Data    ZI Data      Debug   Library Name

      1224         46        272          0         96       1784   c_w.l
      1116         48        552          0          0      15755   driverlib.lib
        26          0          0          0          0        116   fz_wm.l

    ----------------------------------------------------------------------
      2376         94        824          0         96      17655   Library Totals

    ----------------------------------------------------------------------

==============================================================================


      Code (inc. data)   RO Data    RW Data    ZI Data      Debug   

     12260        360       1492        108      13336     112336   Grand Totals
     12260        360       1492        108      13336     112336   ELF Image Totals
     12260        360       1492        108          0          0   ROM Totals

==============================================================================

    Total RO  Size (Code + RO Data)                13752 (  13.43kB)
    Total RW  Size (RW Data + ZI Data)             13444 (  13.13kB)
    Total ROM Size (Code + RO Data + RW Data)      13860 (  13.54kB)

==============================================================================

